============================= test session starts =============================
platform win32 -- Python 3.12.7, pytest-9.0.2, pluggy-1.6.0 -- D:\1_AiPrompt\reliability-layer\.venv\Scripts\python.exe
cachedir: .pytest_cache
rootdir: D:\1_AiPrompt\reliability-layer
configfile: pyproject.toml
plugins: anyio-4.12.1, asyncio-1.3.0, cov-7.0.0
asyncio: mode=Mode.STRICT, debug=False, asyncio_default_fixture_loop_scope=None, asyncio_default_test_loop_scope=function
collecting ... collected 10 items

tests/test_sdk.py::test_version_exists PASSED                            [ 10%]
tests/test_sdk.py::test_wrap_returns_wrapped_agent PASSED                [ 20%]
tests/test_sdk.py::test_query_returns_reliability_response FAILED        [ 30%]
tests/test_sdk.py::test_stable_agent_high_reliability FAILED             [ 40%]
tests/test_sdk.py::test_low_reliability_emits_warning FAILED             [ 50%]
tests/test_sdk.py::test_configure_fluent_api PASSED                      [ 60%]
tests/test_sdk.py::test_analyze_direct_call FAILED                       [ 70%]
tests/test_sdk.py::test_health_endpoint PASSED                           [ 80%]
tests/test_sdk.py::test_score_endpoint PASSED                            [ 90%]
tests/test_sdk.py::test_score_endpoint_bad_input PASSED                  [100%]

================================== FAILURES ===================================
___________________ test_query_returns_reliability_response ___________________

    def test_query_returns_reliability_response():
        from reliability_layer.response_builder import ReliabilityResponse
>       result = rl.wrap(stable_agent).query('test question')
                 ^^^^^^^^^^^^^^^^^^^^^^^^^^^^^^^^^^^^^^^^^^^^

tests\test_sdk.py:25: 
_ _ _ _ _ _ _ _ _ _ _ _ _ _ _ _ _ _ _ _ _ _ _ _ _ _ _ _ _ _ _ _ _ _ _ _ _ _ _ _
reliability_layer\sdk.py:13: in query
    return asyncio.run(self._run(question))
           ^^^^^^^^^^^^^^^^^^^^^^^^^^^^^^^^
D:\Anaconda\Lib\asyncio\runners.py:194: in run
    return runner.run(main)
           ^^^^^^^^^^^^^^^^
D:\Anaconda\Lib\asyncio\runners.py:118: in run
    return self._loop.run_until_complete(task)
           ^^^^^^^^^^^^^^^^^^^^^^^^^^^^^^^^^^^
D:\Anaconda\Lib\asyncio\base_events.py:687: in run_until_complete
    return future.result()
           ^^^^^^^^^^^^^^^
reliability_layer\sdk.py:23: in _run
    scores = scorer.compute(runs)
             ^^^^^^^^^^^^^^^^^^^^
reliability_layer\scoring_engine.py:57: in compute
    av = self.answer_variance([r.get('answer','') for r in runs])
                               ^^^^^
_ _ _ _ _ _ _ _ _ _ _ _ _ _ _ _ _ _ _ _ _ _ _ _ _ _ _ _ _ _ _ _ _ _ _ _ _ _ _ _

self = RunResult(run_id=1, raw_output='Drug X causes liver damage', duration_ms=2, error=None)
item = 'get'

    def __getattr__(self, item: str) -> Any:
        private_attributes = object.__getattribute__(self, '__private_attributes__')
        if item in private_attributes:
            attribute = private_attributes[item]
            if hasattr(attribute, '__get__'):
                return attribute.__get__(self, type(self))  # type: ignore
    
            try:
                # Note: self.__pydantic_private__ cannot be None if self.__private_attributes__ has items
                return self.__pydantic_private__[item]  # type: ignore
            except KeyError as exc:
                raise AttributeError(f'{type(self).__name__!r} object has no attribute {item!r}') from exc
        else:
            # `__pydantic_extra__` can fail to be set if the model is not yet fully initialized.
            # See `BaseModel.__repr_args__` for more details
            try:
                pydantic_extra = object.__getattribute__(self, '__pydantic_extra__')
            except AttributeError:
                pydantic_extra = None
    
            if pydantic_extra and item in pydantic_extra:
                return pydantic_extra[item]
            else:
                if hasattr(self.__class__, item):
                    return super().__getattribute__(item)  # Raises AttributeError if appropriate
                else:
                    # this is the current error
>                   raise AttributeError(f'{type(self).__name__!r} object has no attribute {item!r}')
E                   AttributeError: 'RunResult' object has no attribute 'get'

.venv\Lib\site-packages\pydantic\main.py:1026: AttributeError
---------------------------- Captured stderr call -----------------------------
Warning: You are sending unauthenticated requests to the HF Hub. Please set a HF_TOKEN to enable higher rate limits and faster downloads.\n\rLoading weights:   0%|          | 0/103 [00:00<?, ?it/s]\rLoading weights:   1%|          | 1/103 [00:00<?, ?it/s, Materializing param=embeddings.LayerNorm.bias]\rLoading weights:   1%|          | 1/103 [00:00<?, ?it/s, Materializing param=embeddings.LayerNorm.bias]\rLoading weights:   2%|\u258f         | 2/103 [00:00<?, ?it/s, Materializing param=embeddings.LayerNorm.weight]\rLoading weights:   2%|\u258f         | 2/103 [00:00<?, ?it/s, Materializing param=embeddings.LayerNorm.weight]\rLoading weights:   3%|\u258e         | 3/103 [00:00<?, ?it/s, Materializing param=embeddings.position_embeddings.weight]\rLoading weights:   3%|\u258e         | 3/103 [00:00<?, ?it/s, Materializing param=embeddings.position_embeddings.weight]\rLoading weights:   4%|\u258d         | 4/103 [00:00<?, ?it/s, Materializing param=embeddings.token_type_embeddings.weight]\rLoading weights:   4%|\u258d         | 4/103 [00:00<?, ?it/s, Materializing param=embeddings.token_type_embeddings.weight]\rLoading weights:   5%|\u258d         | 5/103 [00:00<?, ?it/s, Materializing param=embeddings.word_embeddings.weight]      \rLoading weights:   5%|\u258d         | 5/103 [00:00<?, ?it/s, Materializing param=embeddings.word_embeddings.weight]\rLoading weights:   6%|\u258c         | 6/103 [00:00<?, ?it/s, Materializing param=encoder.layer.0.attention.output.LayerNorm.bias]\rLoading weights:   6%|\u258c         | 6/103 [00:00<?, ?it/s, Materializing param=encoder.layer.0.attention.output.LayerNorm.bias]\rLoading weights:   7%|\u258b         | 7/103 [00:00<?, ?it/s, Materializing param=encoder.layer.0.attention.output.LayerNorm.weight]\rLoading weights:   7%|\u258b         | 7/103 [00:00<?, ?it/s, Materializing param=encoder.layer.0.attention.output.LayerNorm.weight]\rLoading weights:   8%|\u258a         | 8/103 [00:00<?, ?it/s, Materializing param=encoder.layer.0.attention.output.dense.bias]      \rLoading weights:   8%|\u258a         | 8/103 [00:00<?, ?it/s, Materializing param=encoder.layer.0.attention.output.dense.bias]\rLoading weights:   9%|\u258a         | 9/103 [00:00<?, ?it/s, Materializing param=encoder.layer.0.attention.output.dense.weight]\rLoading weights:   9%|\u258a         | 9/103 [00:00<?, ?it/s, Materializing param=encoder.layer.0.attention.output.dense.weight]\rLoading weights:  10%|\u2589         | 10/103 [00:00<?, ?it/s, Materializing param=encoder.layer.0.attention.self.key.bias]     \rLoading weights:  10%|\u2589         | 10/103 [00:00<00:00, 2186.13it/s, Materializing param=encoder.layer.0.attention.self.key.bias]\rLoading weights:  11%|\u2588         | 11/103 [00:00<00:00, 2404.74it/s, Materializing param=encoder.layer.0.attention.self.key.weight]\rLoading weights:  11%|\u2588         | 11/103 [00:00<00:00, 2404.74it/s, Materializing param=encoder.layer.0.attention.self.key.weight]\rLoading weights:  12%|\u2588\u258f        | 12/103 [00:00<00:00, 2623.35it/s, Materializing param=encoder.layer.0.attention.self.query.bias]\rLoading weights:  12%|\u2588\u258f        | 12/103 [00:00<00:00, 2623.35it/s, Materializing param=encoder.layer.0.attention.self.query.bias]\rLoading weights:  13%|\u2588\u258e        | 13/103 [00:00<00:00, 2499.93it/s, Materializing param=encoder.layer.0.attention.self.query.weight]\rLoading weights:  13%|\u2588\u258e        | 13/103 [00:00<00:00, 2499.93it/s, Materializing param=encoder.layer.0.attention.self.query.weight]\rLoading weights:  14%|\u2588\u258e        | 14/103 [00:00<00:00, 2692.23it/s, Materializing param=encoder.layer.0.attention.self.value.bias]  \rLoading weights:  14%|\u2588\u258e        | 14/103 [00:00<00:00, 2692.23it/s, Materializing param=encoder.layer.0.attention.self.value.bias]\rLoading weights:  15%|\u2588\u258d        | 15/103 [00:00<00:00, 2884.53it/s, Materializing param=encoder.layer.0.attention.self.value.weight]\rLoading weights:  15%|\u2588\u258d        | 15/103 [00:00<00:00, 2884.53it/s, Materializing param=encoder.layer.0.attention.self.value.weight]\rLoading weights:  16%|\u2588\u258c        | 16/103 [00:00<00:00, 3076.84it/s, Materializing param=encoder.layer.0.intermediate.dense.bias]    \rLoading weights:  16%|\u2588\u258c        | 16/103 [00:00<00:00, 3076.84it/s, Materializing param=encoder.layer.0.intermediate.dense.bias]\rLoading weights:  17%|\u2588\u258b        | 17/103 [00:00<00:00, 3269.14it/s, Materializing param=encoder.layer.0.intermediate.dense.weight]\rLoading weights:  17%|\u2588\u258b        | 17/103 [00:00<00:00, 3269.14it/s, Materializing param=encoder.layer.0.intermediate.dense.weight]\rLoading weights:  17%|\u2588\u258b        | 18/103 [00:00<00:00, 3461.44it/s, Materializing param=encoder.layer.0.output.LayerNorm.bias]    \rLoading weights:  17%|\u2588\u258b        | 18/103 [00:00<00:00, 2491.75it/s, Materializing param=encoder.layer.0.output.LayerNorm.bias]\rLoading weights:  18%|\u2588\u258a        | 19/103 [00:00<00:00, 2630.18it/s, Materializing param=encoder.layer.0.output.LayerNorm.weight]\rLoading weights:  18%|\u2588\u258a        | 19/103 [00:00<00:00, 2630.18it/s, Materializing param=encoder.layer.0.output.LayerNorm.weight]\rLoading weights:  19%|\u2588\u2589        | 20/103 [00:00<00:00, 2768.61it/s, Materializing param=encoder.layer.0.output.dense.bias]      \rLoading weights:  19%|\u2588\u2589        | 20/103 [00:00<00:00, 2768.61it/s, Materializing param=encoder.layer.0.output.dense.bias]\rLoading weights:  20%|\u2588\u2588        | 21/103 [00:00<00:00, 2907.04it/s, Materializing param=encoder.layer.0.output.dense.weight]\rLoading weights:  20%|\u2588\u2588        | 21/103 [00:00<00:00, 2907.04it/s, Materializing param=encoder.layer.0.output.dense.weight]\rLoading weights:  21%|\u2588\u2588\u258f       | 22/103 [00:00<00:00, 3045.47it/s, Materializing param=encoder.layer.1.attention.output.LayerNorm.bias]\rLoading weights:  21%|\u2588\u2588\u258f       | 22/103 [00:00<00:00, 3045.47it/s, Materializing param=encoder.layer.1.attention.output.LayerNorm.bias]\rLoading weights:  22%|\u2588\u2588\u258f       | 23/103 [00:00<00:00, 3183.90it/s, Materializing param=encoder.layer.1.attention.output.LayerNorm.weight]\rLoading weights:  22%|\u2588\u2588\u258f       | 23/103 [00:00<00:00, 3183.90it/s, Materializing param=encoder.layer.1.attention.output.LayerNorm.weight]\rLoading weights:  23%|\u2588\u2588\u258e       | 24/103 [00:00<00:00, 3322.33it/s, Materializing param=encoder.layer.1.attention.output.dense.bias]      \rLoading weights:  23%|\u2588\u2588\u258e       | 24/103 [00:00<00:00, 3322.33it/s, Materializing param=encoder.layer.1.attention.output.dense.bias]\rLoading weights:  24%|\u2588\u2588\u258d       | 25/103 [00:00<00:00, 3460.76it/s, Materializing param=encoder.layer.1.attention.output.dense.weight]\rLoading weights:  24%|\u2588\u2588\u258d       | 25/103 [00:00<00:00, 3460.76it/s, Materializing param=encoder.layer.1.attention.output.dense.weight]\rLoading weights:  25%|\u2588\u2588\u258c       | 26/103 [00:00<00:00, 3599.19it/s, Materializing param=encoder.layer.1.attention.self.key.bias]      \rLoading weights:  25%|\u2588\u2588\u258c       | 26/103 [00:00<00:00, 3599.19it/s, Materializing param=encoder.layer.1.attention.self.key.bias]\rLoading weights:  26%|\u2588\u2588\u258c       | 27/103 [00:00<00:00, 3737.62it/s, Materializing param=encoder.layer.1.attention.self.key.weight]\rLoading weights:  26%|\u2588\u2588\u258c       | 27/103 [00:00<00:00, 3737.62it/s, Materializing param=encoder.layer.1.attention.self.key.weight]\rLoading weights:  27%|\u2588\u2588\u258b       | 28/103 [00:00<00:00, 3876.05it/s, Materializing param=encoder.layer.1.attention.self.query.bias]\rLoading weights:  27%|\u2588\u2588\u258b       | 28/103 [00:00<00:00, 3876.05it/s, Materializing param=encoder.layer.1.attention.self.query.bias]\rLoading weights:  28%|\u2588\u2588\u258a       | 29/103 [00:00<00:00, 4014.48it/s, Materializing param=encoder.layer.1.attention.self.query.weight]\rLoading weights:  28%|\u2588\u2588\u258a       | 29/103 [00:00<00:00, 4014.48it/s, Materializing param=encoder.layer.1.attention.self.query.weight]\rLoading weights:  29%|\u2588\u2588\u2589       | 30/103 [00:00<00:00, 4152.91it/s, Materializing param=encoder.layer.1.attention.self.value.bias]  \rLoading weights:  29%|\u2588\u2588\u2589       | 30/103 [00:00<00:00, 4152.91it/s, Materializing param=encoder.layer.1.attention.self.value.bias]\rLoading weights:  30%|\u2588\u2588\u2588       | 31/103 [00:00<00:00, 4291.34it/s, Materializing param=encoder.layer.1.attention.self.value.weight]\rLoading weights:  30%|\u2588\u2588\u2588       | 31/103 [00:00<00:00, 3339.24it/s, Materializing param=encoder.layer.1.attention.self.value.weight]\rLoading weights:  31%|\u2588\u2588\u2588       | 32/103 [00:00<00:00, 3446.96it/s, Materializing param=encoder.layer.1.intermediate.dense.bias]    \rLoading weights:  31%|\u2588\u2588\u2588       | 32/103 [00:00<00:00, 3446.96it/s, Materializing param=encoder.layer.1.intermediate.dense.bias]\rLoading weights:  32%|\u2588\u2588\u2588\u258f      | 33/103 [00:00<00:00, 3554.68it/s, Materializing param=encoder.layer.1.intermediate.dense.weight]\rLoading weights:  32%|\u2588\u2588\u2588\u258f      | 33/103 [00:00<00:00, 3554.68it/s, Materializing param=encoder.layer.1.intermediate.dense.weight]\rLoading weights:  33%|\u2588\u2588\u2588\u258e      | 34/103 [00:00<00:00, 3662.39it/s, Materializing param=encoder.layer.1.output.LayerNorm.bias]    \rLoading weights:  33%|\u2588\u2588\u2588\u258e      | 34/103 [00:00<00:00, 3662.39it/s, Materializing param=encoder.layer.1.output.LayerNorm.bias]\rLoading weights:  34%|\u2588\u2588\u2588\u258d      | 35/103 [00:00<00:00, 3770.11it/s, Materializing param=encoder.layer.1.output.LayerNorm.weight]\rLoading weights:  34%|\u2588\u2588\u2588\u258d      | 35/103 [00:00<00:00, 3770.11it/s, Materializing param=encoder.layer.1.output.LayerNorm.weight]\rLoading weights:  35%|\u2588\u2588\u2588\u258d      | 36/103 [00:00<00:00, 3877.83it/s, Materializing param=encoder.layer.1.output.dense.bias]      \rLoading weights:  35%|\u2588\u2588\u2588\u258d      | 36/103 [00:00<00:00, 3877.83it/s, Materializing param=encoder.layer.1.output.dense.bias]\rLoading weights:  36%|\u2588\u2588\u2588\u258c      | 37/103 [00:00<00:00, 3985.55it/s, Materializing param=encoder.layer.1.output.dense.weight]\rLoading weights:  36%|\u2588\u2588\u2588\u258c      | 37/103 [00:00<00:00, 3985.55it/s, Materializing param=encoder.layer.1.output.dense.weight]\rLoading weights:  37%|\u2588\u2588\u2588\u258b      | 38/103 [00:00<00:00, 4093.26it/s, Materializing param=encoder.layer.2.attention.output.LayerNorm.bias]\rLoading weights:  37%|\u2588\u2588\u2588\u258b      | 38/103 [00:00<00:00, 4093.26it/s, Materializing param=encoder.layer.2.attention.output.LayerNorm.bias]\rLoading weights:  38%|\u2588\u2588\u2588\u258a      | 39/103 [00:00<00:00, 4200.98it/s, Materializing param=encoder.layer.2.attention.output.LayerNorm.weight]\rLoading weights:  38%|\u2588\u2588\u2588\u258a      | 39/103 [00:00<00:00, 4200.98it/s, Materializing param=encoder.layer.2.attention.output.LayerNorm.weight]\rLoading weights:  39%|\u2588\u2588\u2588\u2589      | 40/103 [00:00<00:00, 4308.70it/s, Materializing param=encoder.layer.2.attention.output.dense.bias]      \rLoading weights:  39%|\u2588\u2588\u2588\u2589      | 40/103 [00:00<00:00, 4308.70it/s, Materializing param=encoder.layer.2.attention.output.dense.bias]\rLoading weights:  40%|\u2588\u2588\u2588\u2589      | 41/103 [00:00<00:00, 4416.42it/s, Materializing param=encoder.layer.2.attention.output.dense.weight]\rLoading weights:  40%|\u2588\u2588\u2588\u2589      | 41/103 [00:00<00:00, 4416.42it/s, Materializing param=encoder.layer.2.attention.output.dense.weight]\rLoading weights:  41%|\u2588\u2588\u2588\u2588      | 42/103 [00:00<00:00, 4524.13it/s, Materializing param=encoder.layer.2.attention.self.key.bias]      \rLoading weights:  41%|\u2588\u2588\u2588\u2588      | 42/103 [00:00<00:00, 4524.13it/s, Materializing param=encoder.layer.2.attention.self.key.bias]\rLoading weights:  42%|\u2588\u2588\u2588\u2588\u258f     | 43/103 [00:00<00:00, 4631.85it/s, Materializing param=encoder.layer.2.attention.self.key.weight]\rLoading weights:  42%|\u2588\u2588\u2588\u2588\u258f     | 43/103 [00:00<00:00, 4631.85it/s, Materializing param=encoder.layer.2.attention.self.key.weight]\rLoading weights:  43%|\u2588\u2588\u2588\u2588\u258e     | 44/103 [00:00<00:00, 4739.57it/s, Materializing param=encoder.layer.2.attention.self.query.bias]\rLoading weights:  43%|\u2588\u2588\u2588\u2588\u258e     | 44/103 [00:00<00:00, 4739.57it/s, Materializing param=encoder.layer.2.attention.self.query.bias]\rLoading weights:  44%|\u2588\u2588\u2588\u2588\u258e     | 45/103 [00:00<00:00, 4847.29it/s, Materializing param=encoder.layer.2.attention.self.query.weight]\rLoading weights:  44%|\u2588\u2588\u2588\u2588\u258e     | 45/103 [00:00<00:00, 4847.29it/s, Materializing param=encoder.layer.2.attention.self.query.weight]\rLoading weights:  45%|\u2588\u2588\u2588\u2588\u258d     | 46/103 [00:00<00:00, 4955.00it/s, Materializing param=encoder.layer.2.attention.self.value.bias]  \rLoading weights:  45%|\u2588\u2588\u2588\u2588\u258d     | 46/103 [00:00<00:00, 4955.00it/s, Materializing param=encoder.layer.2.attention.self.value.bias]\rLoading weights:  46%|\u2588\u2588\u2588\u2588\u258c     | 47/103 [00:00<00:00, 5062.72it/s, Materializing param=encoder.layer.2.attention.self.value.weight]\rLoading weights:  46%|\u2588\u2588\u2588\u2588\u258c     | 47/103 [00:00<00:00, 5062.72it/s, Materializing param=encoder.layer.2.attention.self.value.weight]\rLoading weights:  47%|\u2588\u2588\u2588\u2588\u258b     | 48/103 [00:00<00:00, 5170.44it/s, Materializing param=encoder.layer.2.intermediate.dense.bias]    \rLoading weights:  47%|\u2588\u2588\u2588\u2588\u258b     | 48/103 [00:00<00:00, 5170.44it/s, Materializing param=encoder.layer.2.intermediate.dense.bias]\rLoading weights:  48%|\u2588\u2588\u2588\u2588\u258a     | 49/103 [00:00<00:00, 5278.16it/s, Materializing param=encoder.layer.2.intermediate.dense.weight]\rLoading weights:  48%|\u2588\u2588\u2588\u2588\u258a     | 49/103 [00:00<00:00, 5278.16it/s, Materializing param=encoder.layer.2.intermediate.dense.weight]\rLoading weights:  49%|\u2588\u2588\u2588\u2588\u258a     | 50/103 [00:00<00:00, 5385.87it/s, Materializing param=encoder.layer.2.output.LayerNorm.bias]    \rLoading weights:  49%|\u2588\u2588\u2588\u2588\u258a     | 50/103 [00:00<00:00, 5385.87it/s, Materializing param=encoder.layer.2.output.LayerNorm.bias]\rLoading weights:  50%|\u2588\u2588\u2588\u2588\u2589     | 51/103 [00:00<00:00, 5493.59it/s, Materializing param=encoder.layer.2.output.LayerNorm.weight]\rLoading weights:  50%|\u2588\u2588\u2588\u2588\u2589     | 51/103 [00:00<00:00, 5493.59it/s, Materializing param=encoder.layer.2.output.LayerNorm.weight]\rLoading weights:  50%|\u2588\u2588\u2588\u2588\u2588     | 52/103 [00:00<00:00, 5601.31it/s, Materializing param=encoder.layer.2.output.dense.bias]      \rLoading weights:  50%|\u2588\u2588\u2588\u2588\u2588     | 52/103 [00:00<00:00, 5601.31it/s, Materializing param=encoder.layer.2.output.dense.bias]\rLoading weights:  51%|\u2588\u2588\u2588\u2588\u2588\u258f    | 53/103 [00:00<00:00, 5709.03it/s, Materializing param=encoder.layer.2.output.dense.weight]\rLoading weights:  51%|\u2588\u2588\u2588\u2588\u2588\u258f    | 53/103 [00:00<00:00, 5709.03it/s, Materializing param=encoder.layer.2.output.dense.weight]\rLoading weights:  52%|\u2588\u2588\u2588\u2588\u2588\u258f    | 54/103 [00:00<00:00, 5816.74it/s, Materializing param=encoder.layer.3.attention.output.LayerNorm.bias]\rLoading weights:  52%|\u2588\u2588\u2588\u2588\u2588\u258f    | 54/103 [00:00<00:00, 5816.74it/s, Materializing param=encoder.layer.3.attention.output.LayerNorm.bias]\rLoading weights:  53%|\u2588\u2588\u2588\u2588\u2588\u258e    | 55/103 [00:00<00:00, 5924.46it/s, Materializing param=encoder.layer.3.attention.output.LayerNorm.weight]\rLoading weights:  53%|\u2588\u2588\u2588\u2588\u2588\u258e    | 55/103 [00:00<00:00, 5924.46it/s, Materializing param=encoder.layer.3.attention.output.LayerNorm.weight]\rLoading weights:  54%|\u2588\u2588\u2588\u2588\u2588\u258d    | 56/103 [00:00<00:00, 6032.18it/s, Materializing param=encoder.layer.3.attention.output.dense.bias]      \rLoading weights:  54%|\u2588\u2588\u2588\u2588\u2588\u258d    | 56/103 [00:00<00:00, 6032.18it/s, Materializing param=encoder.layer.3.attention.output.dense.bias]\rLoading weights:  55%|\u2588\u2588\u2588\u2588\u2588\u258c    | 57/103 [00:00<00:00, 6139.90it/s, Materializing param=encoder.layer.3.attention.output.dense.weight]\rLoading weights:  55%|\u2588\u2588\u2588\u2588\u2588\u258c    | 57/103 [00:00<00:00, 6139.90it/s, Materializing param=encoder.layer.3.attention.output.dense.weight]\rLoading weights:  56%|\u2588\u2588\u2588\u2588\u2588\u258b    | 58/103 [00:00<00:00, 6247.61it/s, Materializing param=encoder.layer.3.attention.self.key.bias]      \rLoading weights:  56%|\u2588\u2588\u2588\u2588\u2588\u258b    | 58/103 [00:00<00:00, 6247.61it/s, Materializing param=encoder.layer.3.attention.self.key.bias]\rLoading weights:  57%|\u2588\u2588\u2588\u2588\u2588\u258b    | 59/103 [00:00<00:00, 6355.33it/s, Materializing param=encoder.layer.3.attention.self.key.weight]\rLoading weights:  57%|\u2588\u2588\u2588\u2588\u2588\u258b    | 59/103 [00:00<00:00, 6355.33it/s, Materializing param=encoder.layer.3.attention.self.key.weight]\rLoading weights:  58%|\u2588\u2588\u2588\u2588\u2588\u258a    | 60/103 [00:00<00:00, 6463.05it/s, Materializing param=encoder.layer.3.attention.self.query.bias]\rLoading weights:  58%|\u2588\u2588\u2588\u2588\u2588\u258a    | 60/103 [00:00<00:00, 6463.05it/s, Materializing param=encoder.layer.3.attention.self.query.bias]\rLoading weights:  59%|\u2588\u2588\u2588\u2588\u2588\u2589    | 61/103 [00:00<00:00, 6570.77it/s, Materializing param=encoder.layer.3.attention.self.query.weight]\rLoading weights:  59%|\u2588\u2588\u2588\u2588\u2588\u2589    | 61/103 [00:00<00:00, 6570.77it/s, Materializing param=encoder.layer.3.attention.self.query.weight]\rLoading weights:  60%|\u2588\u2588\u2588\u2588\u2588\u2588    | 62/103 [00:00<00:00, 6678.48it/s, Materializing param=encoder.layer.3.attention.self.value.bias]  \rLoading weights:  60%|\u2588\u2588\u2588\u2588\u2588\u2588    | 62/103 [00:00<00:00, 6678.48it/s, Materializing param=encoder.layer.3.attention.self.value.bias]\rLoading weights:  61%|\u2588\u2588\u2588\u2588\u2588\u2588    | 63/103 [00:00<00:00, 6786.20it/s, Materializing param=encoder.layer.3.attention.self.value.weight]\rLoading weights:  61%|\u2588\u2588\u2588\u2588\u2588\u2588    | 63/103 [00:00<00:00, 6786.20it/s, Materializing param=encoder.layer.3.attention.self.value.weight]\rLoading weights:  62%|\u2588\u2588\u2588\u2588\u2588\u2588\u258f   | 64/103 [00:00<00:00, 6893.92it/s, Materializing param=encoder.layer.3.intermediate.dense.bias]    \rLoading weights:  62%|\u2588\u2588\u2588\u2588\u2588\u2588\u258f   | 64/103 [00:00<00:00, 6893.92it/s, Materializing param=encoder.layer.3.intermediate.dense.bias]\rLoading weights:  63%|\u2588\u2588\u2588\u2588\u2588\u2588\u258e   | 65/103 [00:00<00:00, 7001.64it/s, Materializing param=encoder.layer.3.intermediate.dense.weight]\rLoading weights:  63%|\u2588\u2588\u2588\u2588\u2588\u2588\u258e   | 65/103 [00:00<00:00, 7001.64it/s, Materializing param=encoder.layer.3.intermediate.dense.weight]\rLoading weights:  64%|\u2588\u2588\u2588\u2588\u2588\u2588\u258d   | 66/103 [00:00<00:00, 7109.35it/s, Materializing param=encoder.layer.3.output.LayerNorm.bias]    \rLoading weights:  64%|\u2588\u2588\u2588\u2588\u2588\u2588\u258d   | 66/103 [00:00<00:00, 7109.35it/s, Materializing param=encoder.layer.3.output.LayerNorm.bias]\rLoading weights:  65%|\u2588\u2588\u2588\u2588\u2588\u2588\u258c   | 67/103 [00:00<00:00, 7217.07it/s, Materializing param=encoder.layer.3.output.LayerNorm.weight]\rLoading weights:  65%|\u2588\u2588\u2588\u2588\u2588\u2588\u258c   | 67/103 [00:00<00:00, 7217.07it/s, Materializing param=encoder.layer.3.output.LayerNorm.weight]\rLoading weights:  66%|\u2588\u2588\u2588\u2588\u2588\u2588\u258c   | 68/103 [00:00<00:00, 7324.79it/s, Materializing param=encoder.layer.3.output.dense.bias]      \rLoading weights:  66%|\u2588\u2588\u2588\u2588\u2588\u2588\u258c   | 68/103 [00:00<00:00, 7324.79it/s, Materializing param=encoder.layer.3.output.dense.bias]\rLoading weights:  67%|\u2588\u2588\u2588\u2588\u2588\u2588\u258b   | 69/103 [00:00<00:00, 7432.51it/s, Materializing param=encoder.layer.3.output.dense.weight]\rLoading weights:  67%|\u2588\u2588\u2588\u2588\u2588\u2588\u258b   | 69/103 [00:00<00:00, 7432.51it/s, Materializing param=encoder.layer.3.output.dense.weight]\rLoading weights:  68%|\u2588\u2588\u2588\u2588\u2588\u2588\u258a   | 70/103 [00:00<00:00, 7540.22it/s, Materializing param=encoder.layer.4.attention.output.LayerNorm.bias]\rLoading weights:  68%|\u2588\u2588\u2588\u2588\u2588\u2588\u258a   | 70/103 [00:00<00:00, 7540.22it/s, Materializing param=encoder.layer.4.attention.output.LayerNorm.bias]\rLoading weights:  69%|\u2588\u2588\u2588\u2588\u2588\u2588\u2589   | 71/103 [00:00<00:00, 7647.94it/s, Materializing param=encoder.layer.4.attention.output.LayerNorm.weight]\rLoading weights:  69%|\u2588\u2588\u2588\u2588\u2588\u2588\u2589   | 71/103 [00:00<00:00, 7647.94it/s, Materializing param=encoder.layer.4.attention.output.LayerNorm.weight]\rLoading weights:  70%|\u2588\u2588\u2588\u2588\u2588\u2588\u2589   | 72/103 [00:00<00:00, 7755.66it/s, Materializing param=encoder.layer.4.attention.output.dense.bias]      \rLoading weights:  70%|\u2588\u2588\u2588\u2588\u2588\u2588\u2589   | 72/103 [00:00<00:00, 3853.63it/s, Materializing param=encoder.layer.4.attention.output.dense.bias]\rLoading weights:  71%|\u2588\u2588\u2588\u2588\u2588\u2588\u2588   | 73/103 [00:00<00:00, 3907.15it/s, Materializing param=encoder.layer.4.attention.output.dense.weight]\rLoading weights:  71%|\u2588\u2588\u2588\u2588\u2588\u2588\u2588   | 73/103 [00:00<00:00, 3907.15it/s, Materializing param=encoder.layer.4.attention.output.dense.weight]\rLoading weights:  72%|\u2588\u2588\u2588\u2588\u2588\u2588\u2588\u258f  | 74/103 [00:00<00:00, 3960.68it/s, Materializing param=encoder.layer.4.attention.self.key.bias]      \rLoading weights:  72%|\u2588\u2588\u2588\u2588\u2588\u2588\u2588\u258f  | 74/103 [00:00<00:00, 3960.68it/s, Materializing param=encoder.layer.4.attention.self.key.bias]\rLoading weights:  73%|\u2588\u2588\u2588\u2588\u2588\u2588\u2588\u258e  | 75/103 [00:00<00:00, 4014.20it/s, Materializing param=encoder.layer.4.attention.self.key.weight]\rLoading weights:  73%|\u2588\u2588\u2588\u2588\u2588\u2588\u2588\u258e  | 75/103 [00:00<00:00, 4014.20it/s, Materializing param=encoder.layer.4.attention.self.key.weight]\rLoading weights:  74%|\u2588\u2588\u2588\u2588\u2588\u2588\u2588\u258d  | 76/103 [00:00<00:00, 4067.72it/s, Materializing param=encoder.layer.4.attention.self.query.bias]\rLoading weights:  74%|\u2588\u2588\u2588\u2588\u2588\u2588\u2588\u258d  | 76/103 [00:00<00:00, 3719.22it/s, Materializing param=encoder.layer.4.attention.self.query.bias]\rLoading weights:  75%|\u2588\u2588\u2588\u2588\u2588\u2588\u2588\u258d  | 77/103 [00:00<00:00, 3768.16it/s, Materializing param=encoder.layer.4.attention.self.query.weight]\rLoading weights:  75%|\u2588\u2588\u2588\u2588\u2588\u2588\u2588\u258d  | 77/103 [00:00<00:00, 3768.16it/s, Materializing param=encoder.layer.4.attention.self.query.weight]\rLoading weights:  76%|\u2588\u2588\u2588\u2588\u2588\u2588\u2588\u258c  | 78/103 [00:00<00:00, 3817.10it/s, Materializing param=encoder.layer.4.attention.self.value.bias]  \rLoading weights:  76%|\u2588\u2588\u2588\u2588\u2588\u2588\u2588\u258c  | 78/103 [00:00<00:00, 3707.44it/s, Materializing param=encoder.layer.4.attention.self.value.bias]\rLoading weights:  77%|\u2588\u2588\u2588\u2588\u2588\u2588\u2588\u258b  | 79/103 [00:00<00:00, 3590.51it/s, Materializing param=encoder.layer.4.attention.self.value.weight]\rLoading weights:  77%|\u2588\u2588\u2588\u2588\u2588\u2588\u2588\u258b  | 79/103 [00:00<00:00, 3590.51it/s, Materializing param=encoder.layer.4.attention.self.value.weight]\rLoading weights:  78%|\u2588\u2588\u2588\u2588\u2588\u2588\u2588\u258a  | 80/103 [00:00<00:00, 3635.96it/s, Materializing param=encoder.layer.4.intermediate.dense.bias]    \rLoading weights:  78%|\u2588\u2588\u2588\u2588\u2588\u2588\u2588\u258a  | 80/103 [00:00<00:00, 3635.96it/s, Materializing param=encoder.layer.4.intermediate.dense.bias]\rLoading weights:  79%|\u2588\u2588\u2588\u2588\u2588\u2588\u2588\u258a  | 81/103 [00:00<00:00, 3444.54it/s, Materializing param=encoder.layer.4.intermediate.dense.weight]\rLoading weights:  79%|\u2588\u2588\u2588\u2588\u2588\u2588\u2588\u258a  | 81/103 [00:00<00:00, 3444.54it/s, Materializing param=encoder.layer.4.intermediate.dense.weight]\rLoading weights:  80%|\u2588\u2588\u2588\u2588\u2588\u2588\u2588\u2589  | 82/103 [00:00<00:00, 3487.07it/s, Materializing param=encoder.layer.4.output.LayerNorm.bias]    \rLoading weights:  80%|\u2588\u2588\u2588\u2588\u2588\u2588\u2588\u2589  | 82/103 [00:00<00:00, 3487.07it/s, Materializing param=encoder.layer.4.output.LayerNorm.bias]\rLoading weights:  81%|\u2588\u2588\u2588\u2588\u2588\u2588\u2588\u2588  | 83/103 [00:00<00:00, 3529.59it/s, Materializing param=encoder.layer.4.output.LayerNorm.weight]\rLoading weights:  81%|\u2588\u2588\u2588\u2588\u2588\u2588\u2588\u2588  | 83/103 [00:00<00:00, 3529.59it/s, Materializing param=encoder.layer.4.output.LayerNorm.weight]\rLoading weights:  82%|\u2588\u2588\u2588\u2588\u2588\u2588\u2588\u2588\u258f | 84/103 [00:00<00:00, 3572.12it/s, Materializing param=encoder.layer.4.output.dense.bias]      \rLoading weights:  82%|\u2588\u2588\u2588\u2588\u2588\u2588\u2588\u2588\u258f | 84/103 [00:00<00:00, 3488.16it/s, Materializing param=encoder.layer.4.output.dense.bias]\rLoading weights:  83%|\u2588\u2588\u2588\u2588\u2588\u2588\u2588\u2588\u258e | 85/103 [00:00<00:00, 3529.69it/s, Materializing param=encoder.layer.4.output.dense.weight]\rLoading weights:  83%|\u2588\u2588\u2588\u2588\u2588\u2588\u2588\u2588\u258e | 85/103 [00:00<00:00, 3529.69it/s, Materializing param=encoder.layer.4.output.dense.weight]\rLoading weights:  83%|\u2588\u2588\u2588\u2588\u2588\u2588\u2588\u2588\u258e | 86/103 [00:00<00:00, 3571.21it/s, Materializing param=encoder.layer.5.attention.output.LayerNorm.bias]\rLoading weights:  83%|\u2588\u2588\u2588\u2588\u2588\u2588\u2588\u2588\u258e | 86/103 [00:00<00:00, 3571.21it/s, Materializing param=encoder.layer.5.attention.output.LayerNorm.bias]\rLoading weights:  84%|\u2588\u2588\u2588\u2588\u2588\u2588\u2588\u2588\u258d | 87/103 [00:00<00:00, 3612.74it/s, Materializing param=encoder.layer.5.attention.output.LayerNorm.weight]\rLoading weights:  84%|\u2588\u2588\u2588\u2588\u2588\u2588\u2588\u2588\u258d | 87/103 [00:00<00:00, 3612.74it/s, Materializing param=encoder.layer.5.attention.output.LayerNorm.weight]\rLoading weights:  85%|\u2588\u2588\u2588\u2588\u2588\u2588\u2588\u2588\u258c | 88/103 [00:00<00:00, 3654.26it/s, Materializing param=encoder.layer.5.attention.output.dense.bias]      \rLoading weights:  85%|\u2588\u2588\u2588\u2588\u2588\u2588\u2588\u2588\u258c | 88/103 [00:00<00:00, 3654.26it/s, Materializing param=encoder.layer.5.attention.output.dense.bias]\rLoading weights:  86%|\u2588\u2588\u2588\u2588\u2588\u2588\u2588\u2588\u258b | 89/103 [00:00<00:00, 3695.79it/s, Materializing param=encoder.layer.5.attention.output.dense.weight]\rLoading weights:  86%|\u2588\u2588\u2588\u2588\u2588\u2588\u2588\u2588\u258b | 89/103 [00:00<00:00, 3695.79it/s, Materializing param=encoder.layer.5.attention.output.dense.weight]\rLoading weights:  87%|\u2588\u2588\u2588\u2588\u2588\u2588\u2588\u2588\u258b | 90/103 [00:00<00:00, 3737.31it/s, Materializing param=encoder.layer.5.attention.self.key.bias]      \rLoading weights:  87%|\u2588\u2588\u2588\u2588\u2588\u2588\u2588\u2588\u258b | 90/103 [00:00<00:00, 3737.31it/s, Materializing param=encoder.layer.5.attention.self.key.bias]\rLoading weights:  88%|\u2588\u2588\u2588\u2588\u2588\u2588\u2588\u2588\u258a | 91/103 [00:00<00:00, 3778.84it/s, Materializing param=encoder.layer.5.attention.self.key.weight]\rLoading weights:  88%|\u2588\u2588\u2588\u2588\u2588\u2588\u2588\u2588\u258a | 91/103 [00:00<00:00, 3482.85it/s, Materializing param=encoder.layer.5.attention.self.key.weight]\rLoading weights:  89%|\u2588\u2588\u2588\u2588\u2588\u2588\u2588\u2588\u2589 | 92/103 [00:00<00:00, 3521.12it/s, Materializing param=encoder.layer.5.attention.self.query.bias]\rLoading weights:  89%|\u2588\u2588\u2588\u2588\u2588\u2588\u2588\u2588\u2589 | 92/103 [00:00<00:00, 3521.12it/s, Materializing param=encoder.layer.5.attention.self.query.bias]\rLoading weights:  90%|\u2588\u2588\u2588\u2588\u2588\u2588\u2588\u2588\u2588 | 93/103 [00:00<00:00, 3559.39it/s, Materializing param=encoder.layer.5.attention.self.query.weight]\rLoading weights:  90%|\u2588\u2588\u2588\u2588\u2588\u2588\u2588\u2588\u2588 | 93/103 [00:00<00:00, 3559.39it/s, Materializing param=encoder.layer.5.attention.self.query.weight]\rLoading weights:  91%|\u2588\u2588\u2588\u2588\u2588\u2588\u2588\u2588\u2588\u258f| 94/103 [00:00<00:00, 3597.67it/s, Materializing param=encoder.layer.5.attention.self.value.bias]  \rLoading weights:  91%|\u2588\u2588\u2588\u2588\u2588\u2588\u2588\u2588\u2588\u258f| 94/103 [00:00<00:00, 3597.67it/s, Materializing param=encoder.layer.5.attention.self.value.bias]\rLoading weights:  92%|\u2588\u2588\u2588\u2588\u2588\u2588\u2588\u2588\u2588\u258f| 95/103 [00:00<00:00, 3635.94it/s, Materializing param=encoder.layer.5.attention.self.value.weight]\rLoading weights:  92%|\u2588\u2588\u2588\u2588\u2588\u2588\u2588\u2588\u2588\u258f| 95/103 [00:00<00:00, 3635.94it/s, Materializing param=encoder.layer.5.attention.self.value.weight]\rLoading weights:  93%|\u2588\u2588\u2588\u2588\u2588\u2588\u2588\u2588\u2588\u258e| 96/103 [00:00<00:00, 3674.21it/s, Materializing param=encoder.layer.5.intermediate.dense.bias]    \rLoading weights:  93%|\u2588\u2588\u2588\u2588\u2588\u2588\u2588\u2588\u2588\u258e| 96/103 [00:00<00:00, 3674.21it/s, Materializing param=encoder.layer.5.intermediate.dense.bias]\rLoading weights:  94%|\u2588\u2588\u2588\u2588\u2588\u2588\u2588\u2588\u2588\u258d| 97/103 [00:00<00:00, 3712.48it/s, Materializing param=encoder.layer.5.intermediate.dense.weight]\rLoading weights:  94%|\u2588\u2588\u2588\u2588\u2588\u2588\u2588\u2588\u2588\u258d| 97/103 [00:00<00:00, 3712.48it/s, Materializing param=encoder.layer.5.intermediate.dense.weight]\rLoading weights:  95%|\u2588\u2588\u2588\u2588\u2588\u2588\u2588\u2588\u2588\u258c| 98/103 [00:00<00:00, 3750.76it/s, Materializing param=encoder.layer.5.output.LayerNorm.bias]    \rLoading weights:  95%|\u2588\u2588\u2588\u2588\u2588\u2588\u2588\u2588\u2588\u258c| 98/103 [00:00<00:00, 3750.76it/s, Materializing param=encoder.layer.5.output.LayerNorm.bias]\rLoading weights:  96%|\u2588\u2588\u2588\u2588\u2588\u2588\u2588\u2588\u2588\u258c| 99/103 [00:00<00:00, 3789.03it/s, Materializing param=encoder.layer.5.output.LayerNorm.weight]\rLoading weights:  96%|\u2588\u2588\u2588\u2588\u2588\u2588\u2588\u2588\u2588\u258c| 99/103 [00:00<00:00, 3789.03it/s, Materializing param=encoder.layer.5.output.LayerNorm.weight]\rLoading weights:  97%|\u2588\u2588\u2588\u2588\u2588\u2588\u2588\u2588\u2588\u258b| 100/103 [00:00<00:00, 3827.30it/s, Materializing param=encoder.layer.5.output.dense.bias]     \rLoading weights:  97%|\u2588\u2588\u2588\u2588\u2588\u2588\u2588\u2588\u2588\u258b| 100/103 [00:00<00:00, 3554.83it/s, Materializing param=encoder.layer.5.output.dense.bias]\rLoading weights:  98%|\u2588\u2588\u2588\u2588\u2588\u2588\u2588\u2588\u2588\u258a| 101/103 [00:00<00:00, 3590.37it/s, Materializing param=encoder.layer.5.output.dense.weight]\rLoading weights:  98%|\u2588\u2588\u2588\u2588\u2588\u2588\u2588\u2588\u2588\u258a| 101/103 [00:00<00:00, 3590.37it/s, Materializing param=encoder.layer.5.output.dense.weight]\rLoading weights:  99%|\u2588\u2588\u2588\u2588\u2588\u2588\u2588\u2588\u2588\u2589| 102/103 [00:00<00:00, 3625.92it/s, Materializing param=pooler.dense.bias]                  \rLoading weights:  99%|\u2588\u2588\u2588\u2588\u2588\u2588\u2588\u2588\u2588\u2589| 102/103 [00:00<00:00, 3625.92it/s, Materializing param=pooler.dense.bias]\rLoading weights: 100%|\u2588\u2588\u2588\u2588\u2588\u2588\u2588\u2588\u2588\u2588| 103/103 [00:00<00:00, 3661.47it/s, Materializing param=pooler.dense.weight]\rLoading weights: 100%|\u2588\u2588\u2588\u2588\u2588\u2588\u2588\u2588\u2588\u2588| 103/103 [00:00<00:00, 3661.47it/s, Materializing param=pooler.dense.weight]\rLoading weights: 100%|\u2588\u2588\u2588\u2588\u2588\u2588\u2588\u2588\u2588\u2588| 103/103 [00:00<00:00, 3661.47it/s, Materializing param=pooler.dense.weight]\n\x1b[1mBertModel LOAD REPORT\x1b[0m from: sentence-transformers/all-MiniLM-L6-v2\nKey                     | Status     |  | \n------------------------+------------+--+-\nembeddings.position_ids | UNEXPECTED |  | \n\n\x1b[3mNotes:\n- UNEXPECTED\x1b[3m\t:can be ignored when loading from different task/architecture; not ok if you expect identical arch.\x1b[0m
------------------------------ Captured log call ------------------------------
WARNING  huggingface_hub.utils._http:_http.py:857 Warning: You are sending unauthenticated requests to the HF Hub. Please set a HF_TOKEN to enable higher rate limits and faster downloads.
_____________________ test_stable_agent_high_reliability ______________________

    def test_stable_agent_high_reliability():
>       result = rl.wrap(stable_agent).query('test')
                 ^^^^^^^^^^^^^^^^^^^^^^^^^^^^^^^^^^^

tests\test_sdk.py:29: 
_ _ _ _ _ _ _ _ _ _ _ _ _ _ _ _ _ _ _ _ _ _ _ _ _ _ _ _ _ _ _ _ _ _ _ _ _ _ _ _
reliability_layer\sdk.py:13: in query
    return asyncio.run(self._run(question))
           ^^^^^^^^^^^^^^^^^^^^^^^^^^^^^^^^
D:\Anaconda\Lib\asyncio\runners.py:194: in run
    return runner.run(main)
           ^^^^^^^^^^^^^^^^
D:\Anaconda\Lib\asyncio\runners.py:118: in run
    return self._loop.run_until_complete(task)
           ^^^^^^^^^^^^^^^^^^^^^^^^^^^^^^^^^^^
D:\Anaconda\Lib\asyncio\base_events.py:687: in run_until_complete
    return future.result()
           ^^^^^^^^^^^^^^^
reliability_layer\sdk.py:23: in _run
    scores = scorer.compute(runs)
             ^^^^^^^^^^^^^^^^^^^^
reliability_layer\scoring_engine.py:57: in compute
    av = self.answer_variance([r.get('answer','') for r in runs])
                               ^^^^^
_ _ _ _ _ _ _ _ _ _ _ _ _ _ _ _ _ _ _ _ _ _ _ _ _ _ _ _ _ _ _ _ _ _ _ _ _ _ _ _

self = RunResult(run_id=1, raw_output='Drug X causes liver damage', duration_ms=0, error=None)
item = 'get'

    def __getattr__(self, item: str) -> Any:
        private_attributes = object.__getattribute__(self, '__private_attributes__')
        if item in private_attributes:
            attribute = private_attributes[item]
            if hasattr(attribute, '__get__'):
                return attribute.__get__(self, type(self))  # type: ignore
    
            try:
                # Note: self.__pydantic_private__ cannot be None if self.__private_attributes__ has items
                return self.__pydantic_private__[item]  # type: ignore
            except KeyError as exc:
                raise AttributeError(f'{type(self).__name__!r} object has no attribute {item!r}') from exc
        else:
            # `__pydantic_extra__` can fail to be set if the model is not yet fully initialized.
            # See `BaseModel.__repr_args__` for more details
            try:
                pydantic_extra = object.__getattribute__(self, '__pydantic_extra__')
            except AttributeError:
                pydantic_extra = None
    
            if pydantic_extra and item in pydantic_extra:
                return pydantic_extra[item]
            else:
                if hasattr(self.__class__, item):
                    return super().__getattribute__(item)  # Raises AttributeError if appropriate
                else:
                    # this is the current error
>                   raise AttributeError(f'{type(self).__name__!r} object has no attribute {item!r}')
E                   AttributeError: 'RunResult' object has no attribute 'get'

.venv\Lib\site-packages\pydantic\main.py:1026: AttributeError
---------------------------- Captured stderr call -----------------------------
\rLoading weights:   0%|          | 0/103 [00:00<?, ?it/s]\rLoading weights:   1%|          | 1/103 [00:00<?, ?it/s, Materializing param=embeddings.LayerNorm.bias]\rLoading weights:   1%|          | 1/103 [00:00<?, ?it/s, Materializing param=embeddings.LayerNorm.bias]\rLoading weights:   2%|\u258f         | 2/103 [00:00<?, ?it/s, Materializing param=embeddings.LayerNorm.weight]\rLoading weights:   2%|\u258f         | 2/103 [00:00<?, ?it/s, Materializing param=embeddings.LayerNorm.weight]\rLoading weights:   3%|\u258e         | 3/103 [00:00<?, ?it/s, Materializing param=embeddings.position_embeddings.weight]\rLoading weights:   3%|\u258e         | 3/103 [00:00<?, ?it/s, Materializing param=embeddings.position_embeddings.weight]\rLoading weights:   4%|\u258d         | 4/103 [00:00<?, ?it/s, Materializing param=embeddings.token_type_embeddings.weight]\rLoading weights:   4%|\u258d         | 4/103 [00:00<?, ?it/s, Materializing param=embeddings.token_type_embeddings.weight]\rLoading weights:   5%|\u258d         | 5/103 [00:00<?, ?it/s, Materializing param=embeddings.word_embeddings.weight]      \rLoading weights:   5%|\u258d         | 5/103 [00:00<?, ?it/s, Materializing param=embeddings.word_embeddings.weight]\rLoading weights:   6%|\u258c         | 6/103 [00:00<?, ?it/s, Materializing param=encoder.layer.0.attention.output.LayerNorm.bias]\rLoading weights:   6%|\u258c         | 6/103 [00:00<?, ?it/s, Materializing param=encoder.layer.0.attention.output.LayerNorm.bias]\rLoading weights:   7%|\u258b         | 7/103 [00:00<?, ?it/s, Materializing param=encoder.layer.0.attention.output.LayerNorm.weight]\rLoading weights:   7%|\u258b         | 7/103 [00:00<?, ?it/s, Materializing param=encoder.layer.0.attention.output.LayerNorm.weight]\rLoading weights:   8%|\u258a         | 8/103 [00:00<?, ?it/s, Materializing param=encoder.layer.0.attention.output.dense.bias]      \rLoading weights:   8%|\u258a         | 8/103 [00:00<?, ?it/s, Materializing param=encoder.layer.0.attention.output.dense.bias]\rLoading weights:   9%|\u258a         | 9/103 [00:00<?, ?it/s, Materializing param=encoder.layer.0.attention.output.dense.weight]\rLoading weights:   9%|\u258a         | 9/103 [00:00<?, ?it/s, Materializing param=encoder.layer.0.attention.output.dense.weight]\rLoading weights:  10%|\u2589         | 10/103 [00:00<?, ?it/s, Materializing param=encoder.layer.0.attention.self.key.bias]     \rLoading weights:  10%|\u2589         | 10/103 [00:00<?, ?it/s, Materializing param=encoder.layer.0.attention.self.key.bias]\rLoading weights:  11%|\u2588         | 11/103 [00:00<?, ?it/s, Materializing param=encoder.layer.0.attention.self.key.weight]\rLoading weights:  11%|\u2588         | 11/103 [00:00<?, ?it/s, Materializing param=encoder.layer.0.attention.self.key.weight]\rLoading weights:  12%|\u2588\u258f        | 12/103 [00:00<?, ?it/s, Materializing param=encoder.layer.0.attention.self.query.bias]\rLoading weights:  12%|\u2588\u258f        | 12/103 [00:00<?, ?it/s, Materializing param=encoder.layer.0.attention.self.query.bias]\rLoading weights:  13%|\u2588\u258e        | 13/103 [00:00<?, ?it/s, Materializing param=encoder.layer.0.attention.self.query.weight]\rLoading weights:  13%|\u2588\u258e        | 13/103 [00:00<?, ?it/s, Materializing param=encoder.layer.0.attention.self.query.weight]\rLoading weights:  14%|\u2588\u258e        | 14/103 [00:00<?, ?it/s, Materializing param=encoder.layer.0.attention.self.value.bias]  \rLoading weights:  14%|\u2588\u258e        | 14/103 [00:00<?, ?it/s, Materializing param=encoder.layer.0.attention.self.value.bias]\rLoading weights:  15%|\u2588\u258d        | 15/103 [00:00<?, ?it/s, Materializing param=encoder.layer.0.attention.self.value.weight]\rLoading weights:  15%|\u2588\u258d        | 15/103 [00:00<?, ?it/s, Materializing param=encoder.layer.0.attention.self.value.weight]\rLoading weights:  16%|\u2588\u258c        | 16/103 [00:00<?, ?it/s, Materializing param=encoder.layer.0.intermediate.dense.bias]    \rLoading weights:  16%|\u2588\u258c        | 16/103 [00:00<?, ?it/s, Materializing param=encoder.layer.0.intermediate.dense.bias]\rLoading weights:  17%|\u2588\u258b        | 17/103 [00:00<00:00, 3454.61it/s, Materializing param=encoder.layer.0.intermediate.dense.weight]\rLoading weights:  17%|\u2588\u258b        | 17/103 [00:00<00:00, 3454.61it/s, Materializing param=encoder.layer.0.intermediate.dense.weight]\rLoading weights:  17%|\u2588\u258b        | 18/103 [00:00<00:00, 2708.92it/s, Materializing param=encoder.layer.0.output.LayerNorm.bias]    \rLoading weights:  17%|\u2588\u258b        | 18/103 [00:00<00:00, 2350.26it/s, Materializing param=encoder.layer.0.output.LayerNorm.bias]\rLoading weights:  18%|\u2588\u258a        | 19/103 [00:00<00:00, 2480.83it/s, Materializing param=encoder.layer.0.output.LayerNorm.weight]\rLoading weights:  18%|\u2588\u258a        | 19/103 [00:00<00:00, 2005.63it/s, Materializing param=encoder.layer.0.output.LayerNorm.weight]\rLoading weights:  19%|\u2588\u2589        | 20/103 [00:00<00:00, 2004.06it/s, Materializing param=encoder.layer.0.output.dense.bias]      \rLoading weights:  19%|\u2588\u2589        | 20/103 [00:00<00:00, 2004.06it/s, Materializing param=encoder.layer.0.output.dense.bias]\rLoading weights:  20%|\u2588\u2588        | 21/103 [00:00<00:00, 2104.27it/s, Materializing param=encoder.layer.0.output.dense.weight]\rLoading weights:  20%|\u2588\u2588        | 21/103 [00:00<00:00, 2104.27it/s, Materializing param=encoder.layer.0.output.dense.weight]\rLoading weights:  21%|\u2588\u2588\u258f       | 22/103 [00:00<00:00, 2204.47it/s, Materializing param=encoder.layer.1.attention.output.LayerNorm.bias]\rLoading weights:  21%|\u2588\u2588\u258f       | 22/103 [00:00<00:00, 2204.47it/s, Materializing param=encoder.layer.1.attention.output.LayerNorm.bias]\rLoading weights:  22%|\u2588\u2588\u258f       | 23/103 [00:00<00:00, 2304.67it/s, Materializing param=encoder.layer.1.attention.output.LayerNorm.weight]\rLoading weights:  22%|\u2588\u2588\u258f       | 23/103 [00:00<00:00, 2304.67it/s, Materializing param=encoder.layer.1.attention.output.LayerNorm.weight]\rLoading weights:  23%|\u2588\u2588\u258e       | 24/103 [00:00<00:00, 2404.88it/s, Materializing param=encoder.layer.1.attention.output.dense.bias]      \rLoading weights:  23%|\u2588\u2588\u258e       | 24/103 [00:00<00:00, 2404.88it/s, Materializing param=encoder.layer.1.attention.output.dense.bias]\rLoading weights:  24%|\u2588\u2588\u258d       | 25/103 [00:00<00:00, 2505.08it/s, Materializing param=encoder.layer.1.attention.output.dense.weight]\rLoading weights:  24%|\u2588\u2588\u258d       | 25/103 [00:00<00:00, 2505.08it/s, Materializing param=encoder.layer.1.attention.output.dense.weight]\rLoading weights:  25%|\u2588\u2588\u258c       | 26/103 [00:00<00:00, 2605.28it/s, Materializing param=encoder.layer.1.attention.self.key.bias]      \rLoading weights:  25%|\u2588\u2588\u258c       | 26/103 [00:00<00:00, 2605.28it/s, Materializing param=encoder.layer.1.attention.self.key.bias]\rLoading weights:  26%|\u2588\u2588\u258c       | 27/103 [00:00<00:00, 2705.49it/s, Materializing param=encoder.layer.1.attention.self.key.weight]\rLoading weights:  26%|\u2588\u2588\u258c       | 27/103 [00:00<00:00, 2348.82it/s, Materializing param=encoder.layer.1.attention.self.key.weight]\rLoading weights:  27%|\u2588\u2588\u258b       | 28/103 [00:00<00:00, 2435.82it/s, Materializing param=encoder.layer.1.attention.self.query.bias]\rLoading weights:  27%|\u2588\u2588\u258b       | 28/103 [00:00<00:00, 2435.82it/s, Materializing param=encoder.layer.1.attention.self.query.bias]\rLoading weights:  28%|\u2588\u2588\u258a       | 29/103 [00:00<00:00, 2522.81it/s, Materializing param=encoder.layer.1.attention.self.query.weight]\rLoading weights:  28%|\u2588\u2588\u258a       | 29/103 [00:00<00:00, 2522.81it/s, Materializing param=encoder.layer.1.attention.self.query.weight]\rLoading weights:  29%|\u2588\u2588\u2589       | 30/103 [00:00<00:00, 2609.80it/s, Materializing param=encoder.layer.1.attention.self.value.bias]  \rLoading weights:  29%|\u2588\u2588\u2589       | 30/103 [00:00<00:00, 2609.80it/s, Materializing param=encoder.layer.1.attention.self.value.bias]\rLoading weights:  30%|\u2588\u2588\u2588       | 31/103 [00:00<00:00, 2696.80it/s, Materializing param=encoder.layer.1.attention.self.value.weight]\rLoading weights:  30%|\u2588\u2588\u2588       | 31/103 [00:00<00:00, 2696.80it/s, Materializing param=encoder.layer.1.attention.self.value.weight]\rLoading weights:  31%|\u2588\u2588\u2588       | 32/103 [00:00<00:00, 2783.79it/s, Materializing param=encoder.layer.1.intermediate.dense.bias]    \rLoading weights:  31%|\u2588\u2588\u2588       | 32/103 [00:00<00:00, 2783.79it/s, Materializing param=encoder.layer.1.intermediate.dense.bias]\rLoading weights:  32%|\u2588\u2588\u2588\u258f      | 33/103 [00:00<00:00, 2870.79it/s, Materializing param=encoder.layer.1.intermediate.dense.weight]\rLoading weights:  32%|\u2588\u2588\u2588\u258f      | 33/103 [00:00<00:00, 2870.79it/s, Materializing param=encoder.layer.1.intermediate.dense.weight]\rLoading weights:  33%|\u2588\u2588\u2588\u258e      | 34/103 [00:00<00:00, 2957.78it/s, Materializing param=encoder.layer.1.output.LayerNorm.bias]    \rLoading weights:  33%|\u2588\u2588\u2588\u258e      | 34/103 [00:00<00:00, 2957.78it/s, Materializing param=encoder.layer.1.output.LayerNorm.bias]\rLoading weights:  34%|\u2588\u2588\u2588\u258d      | 35/103 [00:00<00:00, 3044.77it/s, Materializing param=encoder.layer.1.output.LayerNorm.weight]\rLoading weights:  34%|\u2588\u2588\u2588\u258d      | 35/103 [00:00<00:00, 3044.77it/s, Materializing param=encoder.layer.1.output.LayerNorm.weight]\rLoading weights:  35%|\u2588\u2588\u2588\u258d      | 36/103 [00:00<00:00, 3131.77it/s, Materializing param=encoder.layer.1.output.dense.bias]      \rLoading weights:  35%|\u2588\u2588\u2588\u258d      | 36/103 [00:00<00:00, 3131.77it/s, Materializing param=encoder.layer.1.output.dense.bias]\rLoading weights:  36%|\u2588\u2588\u2588\u258c      | 37/103 [00:00<00:00, 3218.76it/s, Materializing param=encoder.layer.1.output.dense.weight]\rLoading weights:  36%|\u2588\u2588\u2588\u258c      | 37/103 [00:00<00:00, 3218.76it/s, Materializing param=encoder.layer.1.output.dense.weight]\rLoading weights:  37%|\u2588\u2588\u2588\u258b      | 38/103 [00:00<00:00, 3305.75it/s, Materializing param=encoder.layer.2.attention.output.LayerNorm.bias]\rLoading weights:  37%|\u2588\u2588\u2588\u258b      | 38/103 [00:00<00:00, 3305.75it/s, Materializing param=encoder.layer.2.attention.output.LayerNorm.bias]\rLoading weights:  38%|\u2588\u2588\u2588\u258a      | 39/103 [00:00<00:00, 3392.75it/s, Materializing param=encoder.layer.2.attention.output.LayerNorm.weight]\rLoading weights:  38%|\u2588\u2588\u2588\u258a      | 39/103 [00:00<00:00, 3392.75it/s, Materializing param=encoder.layer.2.attention.output.LayerNorm.weight]\rLoading weights:  39%|\u2588\u2588\u2588\u2589      | 40/103 [00:00<00:00, 2688.35it/s, Materializing param=encoder.layer.2.attention.output.dense.bias]      \rLoading weights:  39%|\u2588\u2588\u2588\u2589      | 40/103 [00:00<00:00, 2688.35it/s, Materializing param=encoder.layer.2.attention.output.dense.bias]\rLoading weights:  40%|\u2588\u2588\u2588\u2589      | 41/103 [00:00<00:00, 2755.56it/s, Materializing param=encoder.layer.2.attention.output.dense.weight]\rLoading weights:  40%|\u2588\u2588\u2588\u2589      | 41/103 [00:00<00:00, 2755.56it/s, Materializing param=encoder.layer.2.attention.output.dense.weight]\rLoading weights:  41%|\u2588\u2588\u2588\u2588      | 42/103 [00:00<00:00, 2822.77it/s, Materializing param=encoder.layer.2.attention.self.key.bias]      \rLoading weights:  41%|\u2588\u2588\u2588\u2588      | 42/103 [00:00<00:00, 2822.77it/s, Materializing param=encoder.layer.2.attention.self.key.bias]\rLoading weights:  42%|\u2588\u2588\u2588\u2588\u258f     | 43/103 [00:00<00:00, 2889.98it/s, Materializing param=encoder.layer.2.attention.self.key.weight]\rLoading weights:  42%|\u2588\u2588\u2588\u2588\u258f     | 43/103 [00:00<00:00, 2889.98it/s, Materializing param=encoder.layer.2.attention.self.key.weight]\rLoading weights:  43%|\u2588\u2588\u2588\u2588\u258e     | 44/103 [00:00<00:00, 2957.19it/s, Materializing param=encoder.layer.2.attention.self.query.bias]\rLoading weights:  43%|\u2588\u2588\u2588\u2588\u258e     | 44/103 [00:00<00:00, 2957.19it/s, Materializing param=encoder.layer.2.attention.self.query.bias]\rLoading weights:  44%|\u2588\u2588\u2588\u2588\u258e     | 45/103 [00:00<00:00, 2735.06it/s, Materializing param=encoder.layer.2.attention.self.query.weight]\rLoading weights:  44%|\u2588\u2588\u2588\u2588\u258e     | 45/103 [00:00<00:00, 2735.06it/s, Materializing param=encoder.layer.2.attention.self.query.weight]\rLoading weights:  45%|\u2588\u2588\u2588\u2588\u258d     | 46/103 [00:00<00:00, 2795.84it/s, Materializing param=encoder.layer.2.attention.self.value.bias]  \rLoading weights:  45%|\u2588\u2588\u2588\u2588\u258d     | 46/103 [00:00<00:00, 2795.84it/s, Materializing param=encoder.layer.2.attention.self.value.bias]\rLoading weights:  46%|\u2588\u2588\u2588\u2588\u258c     | 47/103 [00:00<00:00, 2856.62it/s, Materializing param=encoder.layer.2.attention.self.value.weight]\rLoading weights:  46%|\u2588\u2588\u2588\u2588\u258c     | 47/103 [00:00<00:00, 2856.62it/s, Materializing param=encoder.layer.2.attention.self.value.weight]\rLoading weights:  47%|\u2588\u2588\u2588\u2588\u258b     | 48/103 [00:00<00:00, 2917.40it/s, Materializing param=encoder.layer.2.intermediate.dense.bias]    \rLoading weights:  47%|\u2588\u2588\u2588\u2588\u258b     | 48/103 [00:00<00:00, 2917.40it/s, Materializing param=encoder.layer.2.intermediate.dense.bias]\rLoading weights:  48%|\u2588\u2588\u2588\u2588\u258a     | 49/103 [00:00<00:00, 2978.18it/s, Materializing param=encoder.layer.2.intermediate.dense.weight]\rLoading weights:  48%|\u2588\u2588\u2588\u2588\u258a     | 49/103 [00:00<00:00, 2978.18it/s, Materializing param=encoder.layer.2.intermediate.dense.weight]\rLoading weights:  49%|\u2588\u2588\u2588\u2588\u258a     | 50/103 [00:00<00:00, 3038.95it/s, Materializing param=encoder.layer.2.output.LayerNorm.bias]    \rLoading weights:  49%|\u2588\u2588\u2588\u2588\u258a     | 50/103 [00:00<00:00, 3038.95it/s, Materializing param=encoder.layer.2.output.LayerNorm.bias]\rLoading weights:  50%|\u2588\u2588\u2588\u2588\u2589     | 51/103 [00:00<00:00, 3099.73it/s, Materializing param=encoder.layer.2.output.LayerNorm.weight]\rLoading weights:  50%|\u2588\u2588\u2588\u2588\u2589     | 51/103 [00:00<00:00, 3099.73it/s, Materializing param=encoder.layer.2.output.LayerNorm.weight]\rLoading weights:  50%|\u2588\u2588\u2588\u2588\u2588     | 52/103 [00:00<00:00, 3160.51it/s, Materializing param=encoder.layer.2.output.dense.bias]      \rLoading weights:  50%|\u2588\u2588\u2588\u2588\u2588     | 52/103 [00:00<00:00, 3160.51it/s, Materializing param=encoder.layer.2.output.dense.bias]\rLoading weights:  51%|\u2588\u2588\u2588\u2588\u2588\u258f    | 53/103 [00:00<00:00, 3221.29it/s, Materializing param=encoder.layer.2.output.dense.weight]\rLoading weights:  51%|\u2588\u2588\u2588\u2588\u2588\u258f    | 53/103 [00:00<00:00, 3221.29it/s, Materializing param=encoder.layer.2.output.dense.weight]\rLoading weights:  52%|\u2588\u2588\u2588\u2588\u2588\u258f    | 54/103 [00:00<00:00, 3282.07it/s, Materializing param=encoder.layer.3.attention.output.LayerNorm.bias]\rLoading weights:  52%|\u2588\u2588\u2588\u2588\u2588\u258f    | 54/103 [00:00<00:00, 2776.94it/s, Materializing param=encoder.layer.3.attention.output.LayerNorm.bias]\rLoading weights:  53%|\u2588\u2588\u2588\u2588\u2588\u258e    | 55/103 [00:00<00:00, 2828.36it/s, Materializing param=encoder.layer.3.attention.output.LayerNorm.weight]\rLoading weights:  53%|\u2588\u2588\u2588\u2588\u2588\u258e    | 55/103 [00:00<00:00, 2828.36it/s, Materializing param=encoder.layer.3.attention.output.LayerNorm.weight]\rLoading weights:  54%|\u2588\u2588\u2588\u2588\u2588\u258d    | 56/103 [00:00<00:00, 2879.78it/s, Materializing param=encoder.layer.3.attention.output.dense.bias]      \rLoading weights:  54%|\u2588\u2588\u2588\u2588\u2588\u258d    | 56/103 [00:00<00:00, 2879.78it/s, Materializing param=encoder.layer.3.attention.output.dense.bias]\rLoading weights:  55%|\u2588\u2588\u2588\u2588\u2588\u258c    | 57/103 [00:00<00:00, 2931.21it/s, Materializing param=encoder.layer.3.attention.output.dense.weight]\rLoading weights:  55%|\u2588\u2588\u2588\u2588\u2588\u258c    | 57/103 [00:00<00:00, 2931.21it/s, Materializing param=encoder.layer.3.attention.output.dense.weight]\rLoading weights:  56%|\u2588\u2588\u2588\u2588\u2588\u258b    | 58/103 [00:00<00:00, 2982.63it/s, Materializing param=encoder.layer.3.attention.self.key.bias]      \rLoading weights:  56%|\u2588\u2588\u2588\u2588\u2588\u258b    | 58/103 [00:00<00:00, 2982.63it/s, Materializing param=encoder.layer.3.attention.self.key.bias]\rLoading weights:  57%|\u2588\u2588\u2588\u2588\u2588\u258b    | 59/103 [00:00<00:00, 3034.06it/s, Materializing param=encoder.layer.3.attention.self.key.weight]\rLoading weights:  57%|\u2588\u2588\u2588\u2588\u2588\u258b    | 59/103 [00:00<00:00, 3034.06it/s, Materializing param=encoder.layer.3.attention.self.key.weight]\rLoading weights:  58%|\u2588\u2588\u2588\u2588\u2588\u258a    | 60/103 [00:00<00:00, 3085.48it/s, Materializing param=encoder.layer.3.attention.self.query.bias]\rLoading weights:  58%|\u2588\u2588\u2588\u2588\u2588\u258a    | 60/103 [00:00<00:00, 3085.48it/s, Materializing param=encoder.layer.3.attention.self.query.bias]\rLoading weights:  59%|\u2588\u2588\u2588\u2588\u2588\u2589    | 61/103 [00:00<00:00, 3136.91it/s, Materializing param=encoder.layer.3.attention.self.query.weight]\rLoading weights:  59%|\u2588\u2588\u2588\u2588\u2588\u2589    | 61/103 [00:00<00:00, 3136.91it/s, Materializing param=encoder.layer.3.attention.self.query.weight]\rLoading weights:  60%|\u2588\u2588\u2588\u2588\u2588\u2588    | 62/103 [00:00<00:00, 3188.33it/s, Materializing param=encoder.layer.3.attention.self.value.bias]  \rLoading weights:  60%|\u2588\u2588\u2588\u2588\u2588\u2588    | 62/103 [00:00<00:00, 3188.33it/s, Materializing param=encoder.layer.3.attention.self.value.bias]\rLoading weights:  61%|\u2588\u2588\u2588\u2588\u2588\u2588    | 63/103 [00:00<00:00, 3239.76it/s, Materializing param=encoder.layer.3.attention.self.value.weight]\rLoading weights:  61%|\u2588\u2588\u2588\u2588\u2588\u2588    | 63/103 [00:00<00:00, 3239.76it/s, Materializing param=encoder.layer.3.attention.self.value.weight]\rLoading weights:  62%|\u2588\u2588\u2588\u2588\u2588\u2588\u258f   | 64/103 [00:00<00:00, 3291.18it/s, Materializing param=encoder.layer.3.intermediate.dense.bias]    \rLoading weights:  62%|\u2588\u2588\u2588\u2588\u2588\u2588\u258f   | 64/103 [00:00<00:00, 3291.18it/s, Materializing param=encoder.layer.3.intermediate.dense.bias]\rLoading weights:  63%|\u2588\u2588\u2588\u2588\u2588\u2588\u258e   | 65/103 [00:00<00:00, 3342.61it/s, Materializing param=encoder.layer.3.intermediate.dense.weight]\rLoading weights:  63%|\u2588\u2588\u2588\u2588\u2588\u2588\u258e   | 65/103 [00:00<00:00, 3342.61it/s, Materializing param=encoder.layer.3.intermediate.dense.weight]\rLoading weights:  64%|\u2588\u2588\u2588\u2588\u2588\u2588\u258d   | 66/103 [00:00<00:00, 3394.03it/s, Materializing param=encoder.layer.3.output.LayerNorm.bias]    \rLoading weights:  64%|\u2588\u2588\u2588\u2588\u2588\u2588\u258d   | 66/103 [00:00<00:00, 3394.03it/s, Materializing param=encoder.layer.3.output.LayerNorm.bias]\rLoading weights:  65%|\u2588\u2588\u2588\u2588\u2588\u2588\u258c   | 67/103 [00:00<00:00, 3445.46it/s, Materializing param=encoder.layer.3.output.LayerNorm.weight]\rLoading weights:  65%|\u2588\u2588\u2588\u2588\u2588\u2588\u258c   | 67/103 [00:00<00:00, 3445.46it/s, Materializing param=encoder.layer.3.output.LayerNorm.weight]\rLoading weights:  66%|\u2588\u2588\u2588\u2588\u2588\u2588\u258c   | 68/103 [00:00<00:00, 3496.88it/s, Materializing param=encoder.layer.3.output.dense.bias]      \rLoading weights:  66%|\u2588\u2588\u2588\u2588\u2588\u2588\u258c   | 68/103 [00:00<00:00, 3496.88it/s, Materializing param=encoder.layer.3.output.dense.bias]\rLoading weights:  67%|\u2588\u2588\u2588\u2588\u2588\u2588\u258b   | 69/103 [00:00<00:00, 3548.31it/s, Materializing param=encoder.layer.3.output.dense.weight]\rLoading weights:  67%|\u2588\u2588\u2588\u2588\u2588\u2588\u258b   | 69/103 [00:00<00:00, 3548.31it/s, Materializing param=encoder.layer.3.output.dense.weight]\rLoading weights:  68%|\u2588\u2588\u2588\u2588\u2588\u2588\u258a   | 70/103 [00:00<00:00, 3093.80it/s, Materializing param=encoder.layer.4.attention.output.LayerNorm.bias]\rLoading weights:  68%|\u2588\u2588\u2588\u2588\u2588\u2588\u258a   | 70/103 [00:00<00:00, 3093.80it/s, Materializing param=encoder.layer.4.attention.output.LayerNorm.bias]\rLoading weights:  69%|\u2588\u2588\u2588\u2588\u2588\u2588\u2589   | 71/103 [00:00<00:00, 3137.99it/s, Materializing param=encoder.layer.4.attention.output.LayerNorm.weight]\rLoading weights:  69%|\u2588\u2588\u2588\u2588\u2588\u2588\u2589   | 71/103 [00:00<00:00, 3137.99it/s, Materializing param=encoder.layer.4.attention.output.LayerNorm.weight]\rLoading weights:  70%|\u2588\u2588\u2588\u2588\u2588\u2588\u2589   | 72/103 [00:00<00:00, 2919.84it/s, Materializing param=encoder.layer.4.attention.output.dense.bias]      \rLoading weights:  70%|\u2588\u2588\u2588\u2588\u2588\u2588\u2589   | 72/103 [00:00<00:00, 2919.84it/s, Materializing param=encoder.layer.4.attention.output.dense.bias]\rLoading weights:  71%|\u2588\u2588\u2588\u2588\u2588\u2588\u2588   | 73/103 [00:00<00:00, 2960.39it/s, Materializing param=encoder.layer.4.attention.output.dense.weight]\rLoading weights:  71%|\u2588\u2588\u2588\u2588\u2588\u2588\u2588   | 73/103 [00:00<00:00, 2960.39it/s, Materializing param=encoder.layer.4.attention.output.dense.weight]\rLoading weights:  72%|\u2588\u2588\u2588\u2588\u2588\u2588\u2588\u258f  | 74/103 [00:00<00:00, 3000.94it/s, Materializing param=encoder.layer.4.attention.self.key.bias]      \rLoading weights:  72%|\u2588\u2588\u2588\u2588\u2588\u2588\u2588\u258f  | 74/103 [00:00<00:00, 3000.94it/s, Materializing param=encoder.layer.4.attention.self.key.bias]\rLoading weights:  73%|\u2588\u2588\u2588\u2588\u2588\u2588\u2588\u258e  | 75/103 [00:00<00:00, 3041.50it/s, Materializing param=encoder.layer.4.attention.self.key.weight]\rLoading weights:  73%|\u2588\u2588\u2588\u2588\u2588\u2588\u2588\u258e  | 75/103 [00:00<00:00, 3041.50it/s, Materializing param=encoder.layer.4.attention.self.key.weight]\rLoading weights:  74%|\u2588\u2588\u2588\u2588\u2588\u2588\u2588\u258d  | 76/103 [00:00<00:00, 3082.05it/s, Materializing param=encoder.layer.4.attention.self.query.bias]\rLoading weights:  74%|\u2588\u2588\u2588\u2588\u2588\u2588\u2588\u258d  | 76/103 [00:00<00:00, 3082.05it/s, Materializing param=encoder.layer.4.attention.self.query.bias]\rLoading weights:  75%|\u2588\u2588\u2588\u2588\u2588\u2588\u2588\u258d  | 77/103 [00:00<00:00, 3122.60it/s, Materializing param=encoder.layer.4.attention.self.query.weight]\rLoading weights:  75%|\u2588\u2588\u2588\u2588\u2588\u2588\u2588\u258d  | 77/103 [00:00<00:00, 3122.60it/s, Materializing param=encoder.layer.4.attention.self.query.weight]\rLoading weights:  76%|\u2588\u2588\u2588\u2588\u2588\u2588\u2588\u258c  | 78/103 [00:00<00:00, 3163.16it/s, Materializing param=encoder.layer.4.attention.self.value.bias]  \rLoading weights:  76%|\u2588\u2588\u2588\u2588\u2588\u2588\u2588\u258c  | 78/103 [00:00<00:00, 3163.16it/s, Materializing param=encoder.layer.4.attention.self.value.bias]\rLoading weights:  77%|\u2588\u2588\u2588\u2588\u2588\u2588\u2588\u258b  | 79/103 [00:00<00:00, 3203.71it/s, Materializing param=encoder.layer.4.attention.self.value.weight]\rLoading weights:  77%|\u2588\u2588\u2588\u2588\u2588\u2588\u2588\u258b  | 79/103 [00:00<00:00, 3203.71it/s, Materializing param=encoder.layer.4.attention.self.value.weight]\rLoading weights:  78%|\u2588\u2588\u2588\u2588\u2588\u2588\u2588\u258a  | 80/103 [00:00<00:00, 3244.26it/s, Materializing param=encoder.layer.4.intermediate.dense.bias]    \rLoading weights:  78%|\u2588\u2588\u2588\u2588\u2588\u2588\u2588\u258a  | 80/103 [00:00<00:00, 3244.26it/s, Materializing param=encoder.layer.4.intermediate.dense.bias]\rLoading weights:  79%|\u2588\u2588\u2588\u2588\u2588\u2588\u2588\u258a  | 81/103 [00:00<00:00, 2973.72it/s, Materializing param=encoder.layer.4.intermediate.dense.weight]\rLoading weights:  79%|\u2588\u2588\u2588\u2588\u2588\u2588\u2588\u258a  | 81/103 [00:00<00:00, 2973.72it/s, Materializing param=encoder.layer.4.intermediate.dense.weight]\rLoading weights:  80%|\u2588\u2588\u2588\u2588\u2588\u2588\u2588\u2589  | 82/103 [00:00<00:00, 3010.43it/s, Materializing param=encoder.layer.4.output.LayerNorm.bias]    \rLoading weights:  80%|\u2588\u2588\u2588\u2588\u2588\u2588\u2588\u2589  | 82/103 [00:00<00:00, 3010.43it/s, Materializing param=encoder.layer.4.output.LayerNorm.bias]\rLoading weights:  81%|\u2588\u2588\u2588\u2588\u2588\u2588\u2588\u2588  | 83/103 [00:00<00:00, 3047.15it/s, Materializing param=encoder.layer.4.output.LayerNorm.weight]\rLoading weights:  81%|\u2588\u2588\u2588\u2588\u2588\u2588\u2588\u2588  | 83/103 [00:00<00:00, 3047.15it/s, Materializing param=encoder.layer.4.output.LayerNorm.weight]\rLoading weights:  82%|\u2588\u2588\u2588\u2588\u2588\u2588\u2588\u2588\u258f | 84/103 [00:00<00:00, 3083.86it/s, Materializing param=encoder.layer.4.output.dense.bias]      \rLoading weights:  82%|\u2588\u2588\u2588\u2588\u2588\u2588\u2588\u2588\u258f | 84/103 [00:00<00:00, 3083.86it/s, Materializing param=encoder.layer.4.output.dense.bias]\rLoading weights:  83%|\u2588\u2588\u2588\u2588\u2588\u2588\u2588\u2588\u258e | 85/103 [00:00<00:00, 3120.57it/s, Materializing param=encoder.layer.4.output.dense.weight]\rLoading weights:  83%|\u2588\u2588\u2588\u2588\u2588\u2588\u2588\u2588\u258e | 85/103 [00:00<00:00, 3120.57it/s, Materializing param=encoder.layer.4.output.dense.weight]\rLoading weights:  83%|\u2588\u2588\u2588\u2588\u2588\u2588\u2588\u2588\u258e | 86/103 [00:00<00:00, 3157.28it/s, Materializing param=encoder.layer.5.attention.output.LayerNorm.bias]\rLoading weights:  83%|\u2588\u2588\u2588\u2588\u2588\u2588\u2588\u2588\u258e | 86/103 [00:00<00:00, 3157.28it/s, Materializing param=encoder.layer.5.attention.output.LayerNorm.bias]\rLoading weights:  84%|\u2588\u2588\u2588\u2588\u2588\u2588\u2588\u2588\u258d | 87/103 [00:00<00:00, 3194.00it/s, Materializing param=encoder.layer.5.attention.output.LayerNorm.weight]\rLoading weights:  84%|\u2588\u2588\u2588\u2588\u2588\u2588\u2588\u2588\u258d | 87/103 [00:00<00:00, 3194.00it/s, Materializing param=encoder.layer.5.attention.output.LayerNorm.weight]\rLoading weights:  85%|\u2588\u2588\u2588\u2588\u2588\u2588\u2588\u2588\u258c | 88/103 [00:00<00:00, 3230.71it/s, Materializing param=encoder.layer.5.attention.output.dense.bias]      \rLoading weights:  85%|\u2588\u2588\u2588\u2588\u2588\u2588\u2588\u2588\u258c | 88/103 [00:00<00:00, 3230.71it/s, Materializing param=encoder.layer.5.attention.output.dense.bias]\rLoading weights:  86%|\u2588\u2588\u2588\u2588\u2588\u2588\u2588\u2588\u258b | 89/103 [00:00<00:00, 3267.42it/s, Materializing param=encoder.layer.5.attention.output.dense.weight]\rLoading weights:  86%|\u2588\u2588\u2588\u2588\u2588\u2588\u2588\u2588\u258b | 89/103 [00:00<00:00, 3267.42it/s, Materializing param=encoder.layer.5.attention.output.dense.weight]\rLoading weights:  87%|\u2588\u2588\u2588\u2588\u2588\u2588\u2588\u2588\u258b | 90/103 [00:00<00:00, 3304.13it/s, Materializing param=encoder.layer.5.attention.self.key.bias]      \rLoading weights:  87%|\u2588\u2588\u2588\u2588\u2588\u2588\u2588\u2588\u258b | 90/103 [00:00<00:00, 3304.13it/s, Materializing param=encoder.layer.5.attention.self.key.bias]\rLoading weights:  88%|\u2588\u2588\u2588\u2588\u2588\u2588\u2588\u2588\u258a | 91/103 [00:00<00:00, 3340.85it/s, Materializing param=encoder.layer.5.attention.self.key.weight]\rLoading weights:  88%|\u2588\u2588\u2588\u2588\u2588\u2588\u2588\u2588\u258a | 91/103 [00:00<00:00, 3340.85it/s, Materializing param=encoder.layer.5.attention.self.key.weight]\rLoading weights:  89%|\u2588\u2588\u2588\u2588\u2588\u2588\u2588\u2588\u2589 | 92/103 [00:00<00:00, 3377.56it/s, Materializing param=encoder.layer.5.attention.self.query.bias]\rLoading weights:  89%|\u2588\u2588\u2588\u2588\u2588\u2588\u2588\u2588\u2589 | 92/103 [00:00<00:00, 3377.56it/s, Materializing param=encoder.layer.5.attention.self.query.bias]\rLoading weights:  90%|\u2588\u2588\u2588\u2588\u2588\u2588\u2588\u2588\u2588 | 93/103 [00:00<00:00, 3414.27it/s, Materializing param=encoder.layer.5.attention.self.query.weight]\rLoading weights:  90%|\u2588\u2588\u2588\u2588\u2588\u2588\u2588\u2588\u2588 | 93/103 [00:00<00:00, 3414.27it/s, Materializing param=encoder.layer.5.attention.self.query.weight]\rLoading weights:  91%|\u2588\u2588\u2588\u2588\u2588\u2588\u2588\u2588\u2588\u258f| 94/103 [00:00<00:00, 3450.98it/s, Materializing param=encoder.layer.5.attention.self.value.bias]  \rLoading weights:  91%|\u2588\u2588\u2588\u2588\u2588\u2588\u2588\u2588\u2588\u258f| 94/103 [00:00<00:00, 3450.98it/s, Materializing param=encoder.layer.5.attention.self.value.bias]\rLoading weights:  92%|\u2588\u2588\u2588\u2588\u2588\u2588\u2588\u2588\u2588\u258f| 95/103 [00:00<00:00, 3487.70it/s, Materializing param=encoder.layer.5.attention.self.value.weight]\rLoading weights:  92%|\u2588\u2588\u2588\u2588\u2588\u2588\u2588\u2588\u2588\u258f| 95/103 [00:00<00:00, 3487.70it/s, Materializing param=encoder.layer.5.attention.self.value.weight]\rLoading weights:  93%|\u2588\u2588\u2588\u2588\u2588\u2588\u2588\u2588\u2588\u258e| 96/103 [00:00<00:00, 3524.41it/s, Materializing param=encoder.layer.5.intermediate.dense.bias]    \rLoading weights:  93%|\u2588\u2588\u2588\u2588\u2588\u2588\u2588\u2588\u2588\u258e| 96/103 [00:00<00:00, 3524.41it/s, Materializing param=encoder.layer.5.intermediate.dense.bias]\rLoading weights:  94%|\u2588\u2588\u2588\u2588\u2588\u2588\u2588\u2588\u2588\u258d| 97/103 [00:00<00:00, 3561.12it/s, Materializing param=encoder.layer.5.intermediate.dense.weight]\rLoading weights:  94%|\u2588\u2588\u2588\u2588\u2588\u2588\u2588\u2588\u2588\u258d| 97/103 [00:00<00:00, 3561.12it/s, Materializing param=encoder.layer.5.intermediate.dense.weight]\rLoading weights:  95%|\u2588\u2588\u2588\u2588\u2588\u2588\u2588\u2588\u2588\u258c| 98/103 [00:00<00:00, 3597.83it/s, Materializing param=encoder.layer.5.output.LayerNorm.bias]    \rLoading weights:  95%|\u2588\u2588\u2588\u2588\u2588\u2588\u2588\u2588\u2588\u258c| 98/103 [00:00<00:00, 3597.83it/s, Materializing param=encoder.layer.5.output.LayerNorm.bias]\rLoading weights:  96%|\u2588\u2588\u2588\u2588\u2588\u2588\u2588\u2588\u2588\u258c| 99/103 [00:00<00:00, 3634.55it/s, Materializing param=encoder.layer.5.output.LayerNorm.weight]\rLoading weights:  96%|\u2588\u2588\u2588\u2588\u2588\u2588\u2588\u2588\u2588\u258c| 99/103 [00:00<00:00, 3634.55it/s, Materializing param=encoder.layer.5.output.LayerNorm.weight]\rLoading weights:  97%|\u2588\u2588\u2588\u2588\u2588\u2588\u2588\u2588\u2588\u258b| 100/103 [00:00<00:00, 3671.26it/s, Materializing param=encoder.layer.5.output.dense.bias]     \rLoading weights:  97%|\u2588\u2588\u2588\u2588\u2588\u2588\u2588\u2588\u2588\u258b| 100/103 [00:00<00:00, 3671.26it/s, Materializing param=encoder.layer.5.output.dense.bias]\rLoading weights:  98%|\u2588\u2588\u2588\u2588\u2588\u2588\u2588\u2588\u2588\u258a| 101/103 [00:00<00:00, 3707.97it/s, Materializing param=encoder.layer.5.output.dense.weight]\rLoading weights:  98%|\u2588\u2588\u2588\u2588\u2588\u2588\u2588\u2588\u2588\u258a| 101/103 [00:00<00:00, 3707.97it/s, Materializing param=encoder.layer.5.output.dense.weight]\rLoading weights:  99%|\u2588\u2588\u2588\u2588\u2588\u2588\u2588\u2588\u2588\u2589| 102/103 [00:00<00:00, 3744.68it/s, Materializing param=pooler.dense.bias]                  \rLoading weights:  99%|\u2588\u2588\u2588\u2588\u2588\u2588\u2588\u2588\u2588\u2589| 102/103 [00:00<00:00, 3744.68it/s, Materializing param=pooler.dense.bias]\rLoading weights: 100%|\u2588\u2588\u2588\u2588\u2588\u2588\u2588\u2588\u2588\u2588| 103/103 [00:00<00:00, 3781.40it/s, Materializing param=pooler.dense.weight]\rLoading weights: 100%|\u2588\u2588\u2588\u2588\u2588\u2588\u2588\u2588\u2588\u2588| 103/103 [00:00<00:00, 3781.40it/s, Materializing param=pooler.dense.weight]\rLoading weights: 100%|\u2588\u2588\u2588\u2588\u2588\u2588\u2588\u2588\u2588\u2588| 103/103 [00:00<00:00, 3781.40it/s, Materializing param=pooler.dense.weight]\n\x1b[1mBertModel LOAD REPORT\x1b[0m from: sentence-transformers/all-MiniLM-L6-v2\nKey                     | Status     |  | \n------------------------+------------+--+-\nembeddings.position_ids | UNEXPECTED |  | \n\n\x1b[3mNotes:\n- UNEXPECTED\x1b[3m\t:can be ignored when loading from different task/architecture; not ok if you expect identical arch.\x1b[0m
_____________________ test_low_reliability_emits_warning ______________________

    def test_low_reliability_emits_warning():
        with warnings.catch_warnings(record=True) as w:
            warnings.simplefilter('always')
>           rl.wrap(unstable_agent).query('test')

tests\test_sdk.py:36: 
_ _ _ _ _ _ _ _ _ _ _ _ _ _ _ _ _ _ _ _ _ _ _ _ _ _ _ _ _ _ _ _ _ _ _ _ _ _ _ _
reliability_layer\sdk.py:13: in query
    return asyncio.run(self._run(question))
           ^^^^^^^^^^^^^^^^^^^^^^^^^^^^^^^^
D:\Anaconda\Lib\asyncio\runners.py:194: in run
    return runner.run(main)
           ^^^^^^^^^^^^^^^^
D:\Anaconda\Lib\asyncio\runners.py:118: in run
    return self._loop.run_until_complete(task)
           ^^^^^^^^^^^^^^^^^^^^^^^^^^^^^^^^^^^
D:\Anaconda\Lib\asyncio\base_events.py:687: in run_until_complete
    return future.result()
           ^^^^^^^^^^^^^^^
reliability_layer\sdk.py:23: in _run
    scores = scorer.compute(runs)
             ^^^^^^^^^^^^^^^^^^^^
reliability_layer\scoring_engine.py:57: in compute
    av = self.answer_variance([r.get('answer','') for r in runs])
                               ^^^^^
_ _ _ _ _ _ _ _ _ _ _ _ _ _ _ _ _ _ _ _ _ _ _ _ _ _ _ _ _ _ _ _ _ _ _ _ _ _ _ _

self = RunResult(run_id=1, raw_output='Answer A', duration_ms=2, error=None)
item = 'get'

    def __getattr__(self, item: str) -> Any:
        private_attributes = object.__getattribute__(self, '__private_attributes__')
        if item in private_attributes:
            attribute = private_attributes[item]
            if hasattr(attribute, '__get__'):
                return attribute.__get__(self, type(self))  # type: ignore
    
            try:
                # Note: self.__pydantic_private__ cannot be None if self.__private_attributes__ has items
                return self.__pydantic_private__[item]  # type: ignore
            except KeyError as exc:
                raise AttributeError(f'{type(self).__name__!r} object has no attribute {item!r}') from exc
        else:
            # `__pydantic_extra__` can fail to be set if the model is not yet fully initialized.
            # See `BaseModel.__repr_args__` for more details
            try:
                pydantic_extra = object.__getattribute__(self, '__pydantic_extra__')
            except AttributeError:
                pydantic_extra = None
    
            if pydantic_extra and item in pydantic_extra:
                return pydantic_extra[item]
            else:
                if hasattr(self.__class__, item):
                    return super().__getattribute__(item)  # Raises AttributeError if appropriate
                else:
                    # this is the current error
>                   raise AttributeError(f'{type(self).__name__!r} object has no attribute {item!r}')
E                   AttributeError: 'RunResult' object has no attribute 'get'

.venv\Lib\site-packages\pydantic\main.py:1026: AttributeError
---------------------------- Captured stderr call -----------------------------
\rLoading weights:   0%|          | 0/103 [00:00<?, ?it/s]\rLoading weights:   1%|          | 1/103 [00:00<?, ?it/s, Materializing param=embeddings.LayerNorm.bias]\rLoading weights:   1%|          | 1/103 [00:00<?, ?it/s, Materializing param=embeddings.LayerNorm.bias]\rLoading weights:   2%|\u258f         | 2/103 [00:00<00:00, 4175.51it/s, Materializing param=embeddings.LayerNorm.weight]\rLoading weights:   2%|\u258f         | 2/103 [00:00<00:00, 4175.51it/s, Materializing param=embeddings.LayerNorm.weight]\rLoading weights:   3%|\u258e         | 3/103 [00:00<00:00, 6263.27it/s, Materializing param=embeddings.position_embeddings.weight]\rLoading weights:   3%|\u258e         | 3/103 [00:00<00:00, 6263.27it/s, Materializing param=embeddings.position_embeddings.weight]\rLoading weights:   4%|\u258d         | 4/103 [00:00<00:00, 8351.03it/s, Materializing param=embeddings.token_type_embeddings.weight]\rLoading weights:   4%|\u258d         | 4/103 [00:00<00:00, 8351.03it/s, Materializing param=embeddings.token_type_embeddings.weight]\rLoading weights:   5%|\u258d         | 5/103 [00:00<00:00, 10438.79it/s, Materializing param=embeddings.word_embeddings.weight]     \rLoading weights:   5%|\u258d         | 5/103 [00:00<00:00, 10438.79it/s, Materializing param=embeddings.word_embeddings.weight]\rLoading weights:   6%|\u258c         | 6/103 [00:00<00:00, 12526.54it/s, Materializing param=encoder.layer.0.attention.output.LayerNorm.bias]\rLoading weights:   6%|\u258c         | 6/103 [00:00<00:00, 12526.54it/s, Materializing param=encoder.layer.0.attention.output.LayerNorm.bias]\rLoading weights:   7%|\u258b         | 7/103 [00:00<00:00, 14614.30it/s, Materializing param=encoder.layer.0.attention.output.LayerNorm.weight]\rLoading weights:   7%|\u258b         | 7/103 [00:00<00:00, 14614.30it/s, Materializing param=encoder.layer.0.attention.output.LayerNorm.weight]\rLoading weights:   8%|\u258a         | 8/103 [00:00<00:00, 16702.06it/s, Materializing param=encoder.layer.0.attention.output.dense.bias]      \rLoading weights:   8%|\u258a         | 8/103 [00:00<00:00, 16702.06it/s, Materializing param=encoder.layer.0.attention.output.dense.bias]\rLoading weights:   9%|\u258a         | 9/103 [00:00<00:00, 18789.81it/s, Materializing param=encoder.layer.0.attention.output.dense.weight]\rLoading weights:   9%|\u258a         | 9/103 [00:00<00:00, 18789.81it/s, Materializing param=encoder.layer.0.attention.output.dense.weight]\rLoading weights:  10%|\u2589         | 10/103 [00:00<00:00, 20877.57it/s, Materializing param=encoder.layer.0.attention.self.key.bias]     \rLoading weights:  10%|\u2589         | 10/103 [00:00<00:00, 20877.57it/s, Materializing param=encoder.layer.0.attention.self.key.bias]\rLoading weights:  11%|\u2588         | 11/103 [00:00<00:00, 22965.33it/s, Materializing param=encoder.layer.0.attention.self.key.weight]\rLoading weights:  11%|\u2588         | 11/103 [00:00<00:00, 22965.33it/s, Materializing param=encoder.layer.0.attention.self.key.weight]\rLoading weights:  12%|\u2588\u258f        | 12/103 [00:00<00:00, 25053.09it/s, Materializing param=encoder.layer.0.attention.self.query.bias]\rLoading weights:  12%|\u2588\u258f        | 12/103 [00:00<00:00, 25053.09it/s, Materializing param=encoder.layer.0.attention.self.query.bias]\rLoading weights:  13%|\u2588\u258e        | 13/103 [00:00<00:00, 27140.84it/s, Materializing param=encoder.layer.0.attention.self.query.weight]\rLoading weights:  13%|\u2588\u258e        | 13/103 [00:00<00:00, 27140.84it/s, Materializing param=encoder.layer.0.attention.self.query.weight]\rLoading weights:  14%|\u2588\u258e        | 14/103 [00:00<00:00, 29228.60it/s, Materializing param=encoder.layer.0.attention.self.value.bias]  \rLoading weights:  14%|\u2588\u258e        | 14/103 [00:00<00:00, 29228.60it/s, Materializing param=encoder.layer.0.attention.self.value.bias]\rLoading weights:  15%|\u2588\u258d        | 15/103 [00:00<00:00, 4048.82it/s, Materializing param=encoder.layer.0.attention.self.value.weight]\rLoading weights:  15%|\u2588\u258d        | 15/103 [00:00<00:00, 4048.82it/s, Materializing param=encoder.layer.0.attention.self.value.weight]\rLoading weights:  16%|\u2588\u258c        | 16/103 [00:00<00:00, 4318.74it/s, Materializing param=encoder.layer.0.intermediate.dense.bias]    \rLoading weights:  16%|\u2588\u258c        | 16/103 [00:00<00:00, 4318.74it/s, Materializing param=encoder.layer.0.intermediate.dense.bias]\rLoading weights:  17%|\u2588\u258b        | 17/103 [00:00<00:00, 4588.66it/s, Materializing param=encoder.layer.0.intermediate.dense.weight]\rLoading weights:  17%|\u2588\u258b        | 17/103 [00:00<00:00, 4588.66it/s, Materializing param=encoder.layer.0.intermediate.dense.weight]\rLoading weights:  17%|\u2588\u258b        | 18/103 [00:00<00:00, 4858.58it/s, Materializing param=encoder.layer.0.output.LayerNorm.bias]    \rLoading weights:  17%|\u2588\u258b        | 18/103 [00:00<00:00, 4858.58it/s, Materializing param=encoder.layer.0.output.LayerNorm.bias]\rLoading weights:  18%|\u2588\u258a        | 19/103 [00:00<00:00, 5128.50it/s, Materializing param=encoder.layer.0.output.LayerNorm.weight]\rLoading weights:  18%|\u2588\u258a        | 19/103 [00:00<00:00, 5128.50it/s, Materializing param=encoder.layer.0.output.LayerNorm.weight]\rLoading weights:  19%|\u2588\u2589        | 20/103 [00:00<00:00, 5398.42it/s, Materializing param=encoder.layer.0.output.dense.bias]      \rLoading weights:  19%|\u2588\u2589        | 20/103 [00:00<00:00, 5398.42it/s, Materializing param=encoder.layer.0.output.dense.bias]\rLoading weights:  20%|\u2588\u2588        | 21/103 [00:00<00:00, 5668.34it/s, Materializing param=encoder.layer.0.output.dense.weight]\rLoading weights:  20%|\u2588\u2588        | 21/103 [00:00<00:00, 5668.34it/s, Materializing param=encoder.layer.0.output.dense.weight]\rLoading weights:  21%|\u2588\u2588\u258f       | 22/103 [00:00<00:00, 5938.26it/s, Materializing param=encoder.layer.1.attention.output.LayerNorm.bias]\rLoading weights:  21%|\u2588\u2588\u258f       | 22/103 [00:00<00:00, 5938.26it/s, Materializing param=encoder.layer.1.attention.output.LayerNorm.bias]\rLoading weights:  22%|\u2588\u2588\u258f       | 23/103 [00:00<00:00, 6208.19it/s, Materializing param=encoder.layer.1.attention.output.LayerNorm.weight]\rLoading weights:  22%|\u2588\u2588\u258f       | 23/103 [00:00<00:00, 6208.19it/s, Materializing param=encoder.layer.1.attention.output.LayerNorm.weight]\rLoading weights:  23%|\u2588\u2588\u258e       | 24/103 [00:00<00:00, 6478.11it/s, Materializing param=encoder.layer.1.attention.output.dense.bias]      \rLoading weights:  23%|\u2588\u2588\u258e       | 24/103 [00:00<00:00, 4718.67it/s, Materializing param=encoder.layer.1.attention.output.dense.bias]\rLoading weights:  24%|\u2588\u2588\u258d       | 25/103 [00:00<00:00, 4915.28it/s, Materializing param=encoder.layer.1.attention.output.dense.weight]\rLoading weights:  24%|\u2588\u2588\u258d       | 25/103 [00:00<00:00, 4915.28it/s, Materializing param=encoder.layer.1.attention.output.dense.weight]\rLoading weights:  25%|\u2588\u2588\u258c       | 26/103 [00:00<00:00, 5111.89it/s, Materializing param=encoder.layer.1.attention.self.key.bias]      \rLoading weights:  25%|\u2588\u2588\u258c       | 26/103 [00:00<00:00, 5111.89it/s, Materializing param=encoder.layer.1.attention.self.key.bias]\rLoading weights:  26%|\u2588\u2588\u258c       | 27/103 [00:00<00:00, 5308.50it/s, Materializing param=encoder.layer.1.attention.self.key.weight]\rLoading weights:  26%|\u2588\u2588\u258c       | 27/103 [00:00<00:00, 5308.50it/s, Materializing param=encoder.layer.1.attention.self.key.weight]\rLoading weights:  27%|\u2588\u2588\u258b       | 28/103 [00:00<00:00, 5505.11it/s, Materializing param=encoder.layer.1.attention.self.query.bias]\rLoading weights:  27%|\u2588\u2588\u258b       | 28/103 [00:00<00:00, 5505.11it/s, Materializing param=encoder.layer.1.attention.self.query.bias]\rLoading weights:  28%|\u2588\u2588\u258a       | 29/103 [00:00<00:00, 5701.72it/s, Materializing param=encoder.layer.1.attention.self.query.weight]\rLoading weights:  28%|\u2588\u2588\u258a       | 29/103 [00:00<00:00, 5701.72it/s, Materializing param=encoder.layer.1.attention.self.query.weight]\rLoading weights:  29%|\u2588\u2588\u2589       | 30/103 [00:00<00:00, 5898.33it/s, Materializing param=encoder.layer.1.attention.self.value.bias]  \rLoading weights:  29%|\u2588\u2588\u2589       | 30/103 [00:00<00:00, 5898.33it/s, Materializing param=encoder.layer.1.attention.self.value.bias]\rLoading weights:  30%|\u2588\u2588\u2588       | 31/103 [00:00<00:00, 6094.94it/s, Materializing param=encoder.layer.1.attention.self.value.weight]\rLoading weights:  30%|\u2588\u2588\u2588       | 31/103 [00:00<00:00, 6094.94it/s, Materializing param=encoder.layer.1.attention.self.value.weight]\rLoading weights:  31%|\u2588\u2588\u2588       | 32/103 [00:00<00:00, 6291.55it/s, Materializing param=encoder.layer.1.intermediate.dense.bias]    \rLoading weights:  31%|\u2588\u2588\u2588       | 32/103 [00:00<00:00, 6291.55it/s, Materializing param=encoder.layer.1.intermediate.dense.bias]\rLoading weights:  32%|\u2588\u2588\u2588\u258f      | 33/103 [00:00<00:00, 6488.17it/s, Materializing param=encoder.layer.1.intermediate.dense.weight]\rLoading weights:  32%|\u2588\u2588\u2588\u258f      | 33/103 [00:00<00:00, 6488.17it/s, Materializing param=encoder.layer.1.intermediate.dense.weight]\rLoading weights:  33%|\u2588\u2588\u2588\u258e      | 34/103 [00:00<00:00, 6684.78it/s, Materializing param=encoder.layer.1.output.LayerNorm.bias]    \rLoading weights:  33%|\u2588\u2588\u2588\u258e      | 34/103 [00:00<00:00, 6684.78it/s, Materializing param=encoder.layer.1.output.LayerNorm.bias]\rLoading weights:  34%|\u2588\u2588\u2588\u258d      | 35/103 [00:00<00:00, 6881.39it/s, Materializing param=encoder.layer.1.output.LayerNorm.weight]\rLoading weights:  34%|\u2588\u2588\u2588\u258d      | 35/103 [00:00<00:00, 6881.39it/s, Materializing param=encoder.layer.1.output.LayerNorm.weight]\rLoading weights:  35%|\u2588\u2588\u2588\u258d      | 36/103 [00:00<00:00, 7078.00it/s, Materializing param=encoder.layer.1.output.dense.bias]      \rLoading weights:  35%|\u2588\u2588\u2588\u258d      | 36/103 [00:00<00:00, 7078.00it/s, Materializing param=encoder.layer.1.output.dense.bias]\rLoading weights:  36%|\u2588\u2588\u2588\u258c      | 37/103 [00:00<00:00, 7274.61it/s, Materializing param=encoder.layer.1.output.dense.weight]\rLoading weights:  36%|\u2588\u2588\u2588\u258c      | 37/103 [00:00<00:00, 7274.61it/s, Materializing param=encoder.layer.1.output.dense.weight]\rLoading weights:  37%|\u2588\u2588\u2588\u258b      | 38/103 [00:00<00:00, 4907.43it/s, Materializing param=encoder.layer.2.attention.output.LayerNorm.bias]\rLoading weights:  37%|\u2588\u2588\u2588\u258b      | 38/103 [00:00<00:00, 4907.43it/s, Materializing param=encoder.layer.2.attention.output.LayerNorm.bias]\rLoading weights:  38%|\u2588\u2588\u2588\u258a      | 39/103 [00:00<00:00, 5036.57it/s, Materializing param=encoder.layer.2.attention.output.LayerNorm.weight]\rLoading weights:  38%|\u2588\u2588\u2588\u258a      | 39/103 [00:00<00:00, 5036.57it/s, Materializing param=encoder.layer.2.attention.output.LayerNorm.weight]\rLoading weights:  39%|\u2588\u2588\u2588\u2589      | 40/103 [00:00<00:00, 5165.72it/s, Materializing param=encoder.layer.2.attention.output.dense.bias]      \rLoading weights:  39%|\u2588\u2588\u2588\u2589      | 40/103 [00:00<00:00, 5165.72it/s, Materializing param=encoder.layer.2.attention.output.dense.bias]\rLoading weights:  40%|\u2588\u2588\u2588\u2589      | 41/103 [00:00<00:00, 5294.86it/s, Materializing param=encoder.layer.2.attention.output.dense.weight]\rLoading weights:  40%|\u2588\u2588\u2588\u2589      | 41/103 [00:00<00:00, 5294.86it/s, Materializing param=encoder.layer.2.attention.output.dense.weight]\rLoading weights:  41%|\u2588\u2588\u2588\u2588      | 42/103 [00:00<00:00, 5424.00it/s, Materializing param=encoder.layer.2.attention.self.key.bias]      \rLoading weights:  41%|\u2588\u2588\u2588\u2588      | 42/103 [00:00<00:00, 5424.00it/s, Materializing param=encoder.layer.2.attention.self.key.bias]\rLoading weights:  42%|\u2588\u2588\u2588\u2588\u258f     | 43/103 [00:00<00:00, 5553.15it/s, Materializing param=encoder.layer.2.attention.self.key.weight]\rLoading weights:  42%|\u2588\u2588\u2588\u2588\u258f     | 43/103 [00:00<00:00, 5553.15it/s, Materializing param=encoder.layer.2.attention.self.key.weight]\rLoading weights:  43%|\u2588\u2588\u2588\u2588\u258e     | 44/103 [00:00<00:00, 5682.29it/s, Materializing param=encoder.layer.2.attention.self.query.bias]\rLoading weights:  43%|\u2588\u2588\u2588\u2588\u258e     | 44/103 [00:00<00:00, 5682.29it/s, Materializing param=encoder.layer.2.attention.self.query.bias]\rLoading weights:  44%|\u2588\u2588\u2588\u2588\u258e     | 45/103 [00:00<00:00, 5811.43it/s, Materializing param=encoder.layer.2.attention.self.query.weight]\rLoading weights:  44%|\u2588\u2588\u2588\u2588\u258e     | 45/103 [00:00<00:00, 5811.43it/s, Materializing param=encoder.layer.2.attention.self.query.weight]\rLoading weights:  45%|\u2588\u2588\u2588\u2588\u258d     | 46/103 [00:00<00:00, 5940.57it/s, Materializing param=encoder.layer.2.attention.self.value.bias]  \rLoading weights:  45%|\u2588\u2588\u2588\u2588\u258d     | 46/103 [00:00<00:00, 5940.57it/s, Materializing param=encoder.layer.2.attention.self.value.bias]\rLoading weights:  46%|\u2588\u2588\u2588\u2588\u258c     | 47/103 [00:00<00:00, 6069.72it/s, Materializing param=encoder.layer.2.attention.self.value.weight]\rLoading weights:  46%|\u2588\u2588\u2588\u2588\u258c     | 47/103 [00:00<00:00, 6069.72it/s, Materializing param=encoder.layer.2.attention.self.value.weight]\rLoading weights:  47%|\u2588\u2588\u2588\u2588\u258b     | 48/103 [00:00<00:00, 6198.86it/s, Materializing param=encoder.layer.2.intermediate.dense.bias]    \rLoading weights:  47%|\u2588\u2588\u2588\u2588\u258b     | 48/103 [00:00<00:00, 6198.86it/s, Materializing param=encoder.layer.2.intermediate.dense.bias]\rLoading weights:  48%|\u2588\u2588\u2588\u2588\u258a     | 49/103 [00:00<00:00, 6328.00it/s, Materializing param=encoder.layer.2.intermediate.dense.weight]\rLoading weights:  48%|\u2588\u2588\u2588\u2588\u258a     | 49/103 [00:00<00:00, 6328.00it/s, Materializing param=encoder.layer.2.intermediate.dense.weight]\rLoading weights:  49%|\u2588\u2588\u2588\u2588\u258a     | 50/103 [00:00<00:00, 6457.15it/s, Materializing param=encoder.layer.2.output.LayerNorm.bias]    \rLoading weights:  49%|\u2588\u2588\u2588\u2588\u258a     | 50/103 [00:00<00:00, 6457.15it/s, Materializing param=encoder.layer.2.output.LayerNorm.bias]\rLoading weights:  50%|\u2588\u2588\u2588\u2588\u2589     | 51/103 [00:00<00:00, 6586.29it/s, Materializing param=encoder.layer.2.output.LayerNorm.weight]\rLoading weights:  50%|\u2588\u2588\u2588\u2588\u2589     | 51/103 [00:00<00:00, 6586.29it/s, Materializing param=encoder.layer.2.output.LayerNorm.weight]\rLoading weights:  50%|\u2588\u2588\u2588\u2588\u2588     | 52/103 [00:00<00:00, 6715.43it/s, Materializing param=encoder.layer.2.output.dense.bias]      \rLoading weights:  50%|\u2588\u2588\u2588\u2588\u2588     | 52/103 [00:00<00:00, 6715.43it/s, Materializing param=encoder.layer.2.output.dense.bias]\rLoading weights:  51%|\u2588\u2588\u2588\u2588\u2588\u258f    | 53/103 [00:00<00:00, 6844.58it/s, Materializing param=encoder.layer.2.output.dense.weight]\rLoading weights:  51%|\u2588\u2588\u2588\u2588\u2588\u258f    | 53/103 [00:00<00:00, 6844.58it/s, Materializing param=encoder.layer.2.output.dense.weight]\rLoading weights:  52%|\u2588\u2588\u2588\u2588\u2588\u258f    | 54/103 [00:00<00:00, 6973.72it/s, Materializing param=encoder.layer.3.attention.output.LayerNorm.bias]\rLoading weights:  52%|\u2588\u2588\u2588\u2588\u2588\u258f    | 54/103 [00:00<00:00, 6973.72it/s, Materializing param=encoder.layer.3.attention.output.LayerNorm.bias]\rLoading weights:  53%|\u2588\u2588\u2588\u2588\u2588\u258e    | 55/103 [00:00<00:00, 4244.31it/s, Materializing param=encoder.layer.3.attention.output.LayerNorm.weight]\rLoading weights:  53%|\u2588\u2588\u2588\u2588\u2588\u258e    | 55/103 [00:00<00:00, 4244.31it/s, Materializing param=encoder.layer.3.attention.output.LayerNorm.weight]\rLoading weights:  54%|\u2588\u2588\u2588\u2588\u2588\u258d    | 56/103 [00:00<00:00, 4321.48it/s, Materializing param=encoder.layer.3.attention.output.dense.bias]      \rLoading weights:  54%|\u2588\u2588\u2588\u2588\u2588\u258d    | 56/103 [00:00<00:00, 4321.48it/s, Materializing param=encoder.layer.3.attention.output.dense.bias]\rLoading weights:  55%|\u2588\u2588\u2588\u2588\u2588\u258c    | 57/103 [00:00<00:00, 4398.65it/s, Materializing param=encoder.layer.3.attention.output.dense.weight]\rLoading weights:  55%|\u2588\u2588\u2588\u2588\u2588\u258c    | 57/103 [00:00<00:00, 4398.65it/s, Materializing param=encoder.layer.3.attention.output.dense.weight]\rLoading weights:  56%|\u2588\u2588\u2588\u2588\u2588\u258b    | 58/103 [00:00<00:00, 4475.82it/s, Materializing param=encoder.layer.3.attention.self.key.bias]      \rLoading weights:  56%|\u2588\u2588\u2588\u2588\u2588\u258b    | 58/103 [00:00<00:00, 4475.82it/s, Materializing param=encoder.layer.3.attention.self.key.bias]\rLoading weights:  57%|\u2588\u2588\u2588\u2588\u2588\u258b    | 59/103 [00:00<00:00, 4552.99it/s, Materializing param=encoder.layer.3.attention.self.key.weight]\rLoading weights:  57%|\u2588\u2588\u2588\u2588\u2588\u258b    | 59/103 [00:00<00:00, 4552.99it/s, Materializing param=encoder.layer.3.attention.self.key.weight]\rLoading weights:  58%|\u2588\u2588\u2588\u2588\u2588\u258a    | 60/103 [00:00<00:00, 4630.16it/s, Materializing param=encoder.layer.3.attention.self.query.bias]\rLoading weights:  58%|\u2588\u2588\u2588\u2588\u2588\u258a    | 60/103 [00:00<00:00, 4630.16it/s, Materializing param=encoder.layer.3.attention.self.query.bias]\rLoading weights:  59%|\u2588\u2588\u2588\u2588\u2588\u2589    | 61/103 [00:00<00:00, 4349.31it/s, Materializing param=encoder.layer.3.attention.self.query.weight]\rLoading weights:  59%|\u2588\u2588\u2588\u2588\u2588\u2589    | 61/103 [00:00<00:00, 4349.31it/s, Materializing param=encoder.layer.3.attention.self.query.weight]\rLoading weights:  60%|\u2588\u2588\u2588\u2588\u2588\u2588    | 62/103 [00:00<00:00, 4420.61it/s, Materializing param=encoder.layer.3.attention.self.value.bias]  \rLoading weights:  60%|\u2588\u2588\u2588\u2588\u2588\u2588    | 62/103 [00:00<00:00, 4420.61it/s, Materializing param=encoder.layer.3.attention.self.value.bias]\rLoading weights:  61%|\u2588\u2588\u2588\u2588\u2588\u2588    | 63/103 [00:00<00:00, 4491.91it/s, Materializing param=encoder.layer.3.attention.self.value.weight]\rLoading weights:  61%|\u2588\u2588\u2588\u2588\u2588\u2588    | 63/103 [00:00<00:00, 4491.91it/s, Materializing param=encoder.layer.3.attention.self.value.weight]\rLoading weights:  62%|\u2588\u2588\u2588\u2588\u2588\u2588\u258f   | 64/103 [00:00<00:00, 4109.42it/s, Materializing param=encoder.layer.3.intermediate.dense.bias]    \rLoading weights:  62%|\u2588\u2588\u2588\u2588\u2588\u2588\u258f   | 64/103 [00:00<00:00, 4109.42it/s, Materializing param=encoder.layer.3.intermediate.dense.bias]\rLoading weights:  63%|\u2588\u2588\u2588\u2588\u2588\u2588\u258e   | 65/103 [00:00<00:00, 4173.63it/s, Materializing param=encoder.layer.3.intermediate.dense.weight]\rLoading weights:  63%|\u2588\u2588\u2588\u2588\u2588\u2588\u258e   | 65/103 [00:00<00:00, 4173.63it/s, Materializing param=encoder.layer.3.intermediate.dense.weight]\rLoading weights:  64%|\u2588\u2588\u2588\u2588\u2588\u2588\u258d   | 66/103 [00:00<00:00, 4237.84it/s, Materializing param=encoder.layer.3.output.LayerNorm.bias]    \rLoading weights:  64%|\u2588\u2588\u2588\u2588\u2588\u2588\u258d   | 66/103 [00:00<00:00, 4237.84it/s, Materializing param=encoder.layer.3.output.LayerNorm.bias]\rLoading weights:  65%|\u2588\u2588\u2588\u2588\u2588\u2588\u258c   | 67/103 [00:00<00:00, 4302.05it/s, Materializing param=encoder.layer.3.output.LayerNorm.weight]\rLoading weights:  65%|\u2588\u2588\u2588\u2588\u2588\u2588\u258c   | 67/103 [00:00<00:00, 4302.05it/s, Materializing param=encoder.layer.3.output.LayerNorm.weight]\rLoading weights:  66%|\u2588\u2588\u2588\u2588\u2588\u2588\u258c   | 68/103 [00:00<00:00, 4366.26it/s, Materializing param=encoder.layer.3.output.dense.bias]      \rLoading weights:  66%|\u2588\u2588\u2588\u2588\u2588\u2588\u258c   | 68/103 [00:00<00:00, 4366.26it/s, Materializing param=encoder.layer.3.output.dense.bias]\rLoading weights:  67%|\u2588\u2588\u2588\u2588\u2588\u2588\u258b   | 69/103 [00:00<00:00, 4430.47it/s, Materializing param=encoder.layer.3.output.dense.weight]\rLoading weights:  67%|\u2588\u2588\u2588\u2588\u2588\u2588\u258b   | 69/103 [00:00<00:00, 4430.47it/s, Materializing param=encoder.layer.3.output.dense.weight]\rLoading weights:  68%|\u2588\u2588\u2588\u2588\u2588\u2588\u258a   | 70/103 [00:00<00:00, 4494.68it/s, Materializing param=encoder.layer.4.attention.output.LayerNorm.bias]\rLoading weights:  68%|\u2588\u2588\u2588\u2588\u2588\u2588\u258a   | 70/103 [00:00<00:00, 4494.68it/s, Materializing param=encoder.layer.4.attention.output.LayerNorm.bias]\rLoading weights:  69%|\u2588\u2588\u2588\u2588\u2588\u2588\u2589   | 71/103 [00:00<00:00, 4558.89it/s, Materializing param=encoder.layer.4.attention.output.LayerNorm.weight]\rLoading weights:  69%|\u2588\u2588\u2588\u2588\u2588\u2588\u2589   | 71/103 [00:00<00:00, 4558.89it/s, Materializing param=encoder.layer.4.attention.output.LayerNorm.weight]\rLoading weights:  70%|\u2588\u2588\u2588\u2588\u2588\u2588\u2589   | 72/103 [00:00<00:00, 4623.10it/s, Materializing param=encoder.layer.4.attention.output.dense.bias]      \rLoading weights:  70%|\u2588\u2588\u2588\u2588\u2588\u2588\u2589   | 72/103 [00:00<00:00, 4623.10it/s, Materializing param=encoder.layer.4.attention.output.dense.bias]\rLoading weights:  71%|\u2588\u2588\u2588\u2588\u2588\u2588\u2588   | 73/103 [00:00<00:00, 4687.31it/s, Materializing param=encoder.layer.4.attention.output.dense.weight]\rLoading weights:  71%|\u2588\u2588\u2588\u2588\u2588\u2588\u2588   | 73/103 [00:00<00:00, 4687.31it/s, Materializing param=encoder.layer.4.attention.output.dense.weight]\rLoading weights:  72%|\u2588\u2588\u2588\u2588\u2588\u2588\u2588\u258f  | 74/103 [00:00<00:00, 4751.52it/s, Materializing param=encoder.layer.4.attention.self.key.bias]      \rLoading weights:  72%|\u2588\u2588\u2588\u2588\u2588\u2588\u2588\u258f  | 74/103 [00:00<00:00, 4751.52it/s, Materializing param=encoder.layer.4.attention.self.key.bias]\rLoading weights:  73%|\u2588\u2588\u2588\u2588\u2588\u2588\u2588\u258e  | 75/103 [00:00<00:00, 4815.73it/s, Materializing param=encoder.layer.4.attention.self.key.weight]\rLoading weights:  73%|\u2588\u2588\u2588\u2588\u2588\u2588\u2588\u258e  | 75/103 [00:00<00:00, 4815.73it/s, Materializing param=encoder.layer.4.attention.self.key.weight]\rLoading weights:  74%|\u2588\u2588\u2588\u2588\u2588\u2588\u2588\u258d  | 76/103 [00:00<00:00, 4879.93it/s, Materializing param=encoder.layer.4.attention.self.query.bias]\rLoading weights:  74%|\u2588\u2588\u2588\u2588\u2588\u2588\u2588\u258d  | 76/103 [00:00<00:00, 4879.93it/s, Materializing param=encoder.layer.4.attention.self.query.bias]\rLoading weights:  75%|\u2588\u2588\u2588\u2588\u2588\u2588\u2588\u258d  | 77/103 [00:00<00:00, 4944.14it/s, Materializing param=encoder.layer.4.attention.self.query.weight]\rLoading weights:  75%|\u2588\u2588\u2588\u2588\u2588\u2588\u2588\u258d  | 77/103 [00:00<00:00, 4944.14it/s, Materializing param=encoder.layer.4.attention.self.query.weight]\rLoading weights:  76%|\u2588\u2588\u2588\u2588\u2588\u2588\u2588\u258c  | 78/103 [00:00<00:00, 5008.35it/s, Materializing param=encoder.layer.4.attention.self.value.bias]  \rLoading weights:  76%|\u2588\u2588\u2588\u2588\u2588\u2588\u2588\u258c  | 78/103 [00:00<00:00, 5008.35it/s, Materializing param=encoder.layer.4.attention.self.value.bias]\rLoading weights:  77%|\u2588\u2588\u2588\u2588\u2588\u2588\u2588\u258b  | 79/103 [00:00<00:00, 5072.56it/s, Materializing param=encoder.layer.4.attention.self.value.weight]\rLoading weights:  77%|\u2588\u2588\u2588\u2588\u2588\u2588\u2588\u258b  | 79/103 [00:00<00:00, 5072.56it/s, Materializing param=encoder.layer.4.attention.self.value.weight]\rLoading weights:  78%|\u2588\u2588\u2588\u2588\u2588\u2588\u2588\u258a  | 80/103 [00:00<00:00, 4088.96it/s, Materializing param=encoder.layer.4.intermediate.dense.bias]    \rLoading weights:  78%|\u2588\u2588\u2588\u2588\u2588\u2588\u2588\u258a  | 80/103 [00:00<00:00, 4088.96it/s, Materializing param=encoder.layer.4.intermediate.dense.bias]\rLoading weights:  79%|\u2588\u2588\u2588\u2588\u2588\u2588\u2588\u258a  | 81/103 [00:00<00:00, 4140.07it/s, Materializing param=encoder.layer.4.intermediate.dense.weight]\rLoading weights:  79%|\u2588\u2588\u2588\u2588\u2588\u2588\u2588\u258a  | 81/103 [00:00<00:00, 4140.07it/s, Materializing param=encoder.layer.4.intermediate.dense.weight]\rLoading weights:  80%|\u2588\u2588\u2588\u2588\u2588\u2588\u2588\u2589  | 82/103 [00:00<00:00, 4191.19it/s, Materializing param=encoder.layer.4.output.LayerNorm.bias]    \rLoading weights:  80%|\u2588\u2588\u2588\u2588\u2588\u2588\u2588\u2589  | 82/103 [00:00<00:00, 4191.19it/s, Materializing param=encoder.layer.4.output.LayerNorm.bias]\rLoading weights:  81%|\u2588\u2588\u2588\u2588\u2588\u2588\u2588\u2588  | 83/103 [00:00<00:00, 4242.30it/s, Materializing param=encoder.layer.4.output.LayerNorm.weight]\rLoading weights:  81%|\u2588\u2588\u2588\u2588\u2588\u2588\u2588\u2588  | 83/103 [00:00<00:00, 4242.30it/s, Materializing param=encoder.layer.4.output.LayerNorm.weight]\rLoading weights:  82%|\u2588\u2588\u2588\u2588\u2588\u2588\u2588\u2588\u258f | 84/103 [00:00<00:00, 4293.41it/s, Materializing param=encoder.layer.4.output.dense.bias]      \rLoading weights:  82%|\u2588\u2588\u2588\u2588\u2588\u2588\u2588\u2588\u258f | 84/103 [00:00<00:00, 4293.41it/s, Materializing param=encoder.layer.4.output.dense.bias]\rLoading weights:  83%|\u2588\u2588\u2588\u2588\u2588\u2588\u2588\u2588\u258e | 85/103 [00:00<00:00, 4344.52it/s, Materializing param=encoder.layer.4.output.dense.weight]\rLoading weights:  83%|\u2588\u2588\u2588\u2588\u2588\u2588\u2588\u2588\u258e | 85/103 [00:00<00:00, 4344.52it/s, Materializing param=encoder.layer.4.output.dense.weight]\rLoading weights:  83%|\u2588\u2588\u2588\u2588\u2588\u2588\u2588\u2588\u258e | 86/103 [00:00<00:00, 4395.63it/s, Materializing param=encoder.layer.5.attention.output.LayerNorm.bias]\rLoading weights:  83%|\u2588\u2588\u2588\u2588\u2588\u2588\u2588\u2588\u258e | 86/103 [00:00<00:00, 4395.63it/s, Materializing param=encoder.layer.5.attention.output.LayerNorm.bias]\rLoading weights:  84%|\u2588\u2588\u2588\u2588\u2588\u2588\u2588\u2588\u258d | 87/103 [00:00<00:00, 4446.75it/s, Materializing param=encoder.layer.5.attention.output.LayerNorm.weight]\rLoading weights:  84%|\u2588\u2588\u2588\u2588\u2588\u2588\u2588\u2588\u258d | 87/103 [00:00<00:00, 4446.75it/s, Materializing param=encoder.layer.5.attention.output.LayerNorm.weight]\rLoading weights:  85%|\u2588\u2588\u2588\u2588\u2588\u2588\u2588\u2588\u258c | 88/103 [00:00<00:00, 4497.86it/s, Materializing param=encoder.layer.5.attention.output.dense.bias]      \rLoading weights:  85%|\u2588\u2588\u2588\u2588\u2588\u2588\u2588\u2588\u258c | 88/103 [00:00<00:00, 4497.86it/s, Materializing param=encoder.layer.5.attention.output.dense.bias]\rLoading weights:  86%|\u2588\u2588\u2588\u2588\u2588\u2588\u2588\u2588\u258b | 89/103 [00:00<00:00, 4548.97it/s, Materializing param=encoder.layer.5.attention.output.dense.weight]\rLoading weights:  86%|\u2588\u2588\u2588\u2588\u2588\u2588\u2588\u2588\u258b | 89/103 [00:00<00:00, 4548.97it/s, Materializing param=encoder.layer.5.attention.output.dense.weight]\rLoading weights:  87%|\u2588\u2588\u2588\u2588\u2588\u2588\u2588\u2588\u258b | 90/103 [00:00<00:00, 4600.08it/s, Materializing param=encoder.layer.5.attention.self.key.bias]      \rLoading weights:  87%|\u2588\u2588\u2588\u2588\u2588\u2588\u2588\u2588\u258b | 90/103 [00:00<00:00, 4600.08it/s, Materializing param=encoder.layer.5.attention.self.key.bias]\rLoading weights:  88%|\u2588\u2588\u2588\u2588\u2588\u2588\u2588\u2588\u258a | 91/103 [00:00<00:00, 4651.19it/s, Materializing param=encoder.layer.5.attention.self.key.weight]\rLoading weights:  88%|\u2588\u2588\u2588\u2588\u2588\u2588\u2588\u2588\u258a | 91/103 [00:00<00:00, 4651.19it/s, Materializing param=encoder.layer.5.attention.self.key.weight]\rLoading weights:  89%|\u2588\u2588\u2588\u2588\u2588\u2588\u2588\u2588\u2589 | 92/103 [00:00<00:00, 4702.31it/s, Materializing param=encoder.layer.5.attention.self.query.bias]\rLoading weights:  89%|\u2588\u2588\u2588\u2588\u2588\u2588\u2588\u2588\u2589 | 92/103 [00:00<00:00, 4702.31it/s, Materializing param=encoder.layer.5.attention.self.query.bias]\rLoading weights:  90%|\u2588\u2588\u2588\u2588\u2588\u2588\u2588\u2588\u2588 | 93/103 [00:00<00:00, 4753.42it/s, Materializing param=encoder.layer.5.attention.self.query.weight]\rLoading weights:  90%|\u2588\u2588\u2588\u2588\u2588\u2588\u2588\u2588\u2588 | 93/103 [00:00<00:00, 4753.42it/s, Materializing param=encoder.layer.5.attention.self.query.weight]\rLoading weights:  91%|\u2588\u2588\u2588\u2588\u2588\u2588\u2588\u2588\u2588\u258f| 94/103 [00:00<00:00, 4804.53it/s, Materializing param=encoder.layer.5.attention.self.value.bias]  \rLoading weights:  91%|\u2588\u2588\u2588\u2588\u2588\u2588\u2588\u2588\u2588\u258f| 94/103 [00:00<00:00, 4804.53it/s, Materializing param=encoder.layer.5.attention.self.value.bias]\rLoading weights:  92%|\u2588\u2588\u2588\u2588\u2588\u2588\u2588\u2588\u2588\u258f| 95/103 [00:00<00:00, 4855.64it/s, Materializing param=encoder.layer.5.attention.self.value.weight]\rLoading weights:  92%|\u2588\u2588\u2588\u2588\u2588\u2588\u2588\u2588\u2588\u258f| 95/103 [00:00<00:00, 4855.64it/s, Materializing param=encoder.layer.5.attention.self.value.weight]\rLoading weights:  93%|\u2588\u2588\u2588\u2588\u2588\u2588\u2588\u2588\u2588\u258e| 96/103 [00:00<00:00, 4906.75it/s, Materializing param=encoder.layer.5.intermediate.dense.bias]    \rLoading weights:  93%|\u2588\u2588\u2588\u2588\u2588\u2588\u2588\u2588\u2588\u258e| 96/103 [00:00<00:00, 4906.75it/s, Materializing param=encoder.layer.5.intermediate.dense.bias]\rLoading weights:  94%|\u2588\u2588\u2588\u2588\u2588\u2588\u2588\u2588\u2588\u258d| 97/103 [00:00<00:00, 4957.87it/s, Materializing param=encoder.layer.5.intermediate.dense.weight]\rLoading weights:  94%|\u2588\u2588\u2588\u2588\u2588\u2588\u2588\u2588\u2588\u258d| 97/103 [00:00<00:00, 4957.87it/s, Materializing param=encoder.layer.5.intermediate.dense.weight]\rLoading weights:  95%|\u2588\u2588\u2588\u2588\u2588\u2588\u2588\u2588\u2588\u258c| 98/103 [00:00<00:00, 5008.98it/s, Materializing param=encoder.layer.5.output.LayerNorm.bias]    \rLoading weights:  95%|\u2588\u2588\u2588\u2588\u2588\u2588\u2588\u2588\u2588\u258c| 98/103 [00:00<00:00, 5008.98it/s, Materializing param=encoder.layer.5.output.LayerNorm.bias]\rLoading weights:  96%|\u2588\u2588\u2588\u2588\u2588\u2588\u2588\u2588\u2588\u258c| 99/103 [00:00<00:00, 5060.09it/s, Materializing param=encoder.layer.5.output.LayerNorm.weight]\rLoading weights:  96%|\u2588\u2588\u2588\u2588\u2588\u2588\u2588\u2588\u2588\u258c| 99/103 [00:00<00:00, 5060.09it/s, Materializing param=encoder.layer.5.output.LayerNorm.weight]\rLoading weights:  97%|\u2588\u2588\u2588\u2588\u2588\u2588\u2588\u2588\u2588\u258b| 100/103 [00:00<00:00, 5111.20it/s, Materializing param=encoder.layer.5.output.dense.bias]     \rLoading weights:  97%|\u2588\u2588\u2588\u2588\u2588\u2588\u2588\u2588\u2588\u258b| 100/103 [00:00<00:00, 5111.20it/s, Materializing param=encoder.layer.5.output.dense.bias]\rLoading weights:  98%|\u2588\u2588\u2588\u2588\u2588\u2588\u2588\u2588\u2588\u258a| 101/103 [00:00<00:00, 5162.31it/s, Materializing param=encoder.layer.5.output.dense.weight]\rLoading weights:  98%|\u2588\u2588\u2588\u2588\u2588\u2588\u2588\u2588\u2588\u258a| 101/103 [00:00<00:00, 5162.31it/s, Materializing param=encoder.layer.5.output.dense.weight]\rLoading weights:  99%|\u2588\u2588\u2588\u2588\u2588\u2588\u2588\u2588\u2588\u2589| 102/103 [00:00<00:00, 5213.43it/s, Materializing param=pooler.dense.bias]                  \rLoading weights:  99%|\u2588\u2588\u2588\u2588\u2588\u2588\u2588\u2588\u2588\u2589| 102/103 [00:00<00:00, 5213.43it/s, Materializing param=pooler.dense.bias]\rLoading weights: 100%|\u2588\u2588\u2588\u2588\u2588\u2588\u2588\u2588\u2588\u2588| 103/103 [00:00<00:00, 5264.54it/s, Materializing param=pooler.dense.weight]\rLoading weights: 100%|\u2588\u2588\u2588\u2588\u2588\u2588\u2588\u2588\u2588\u2588| 103/103 [00:00<00:00, 5264.54it/s, Materializing param=pooler.dense.weight]\rLoading weights: 100%|\u2588\u2588\u2588\u2588\u2588\u2588\u2588\u2588\u2588\u2588| 103/103 [00:00<00:00, 5264.54it/s, Materializing param=pooler.dense.weight]\n\x1b[1mBertModel LOAD REPORT\x1b[0m from: sentence-transformers/all-MiniLM-L6-v2\nKey                     | Status     |  | \n------------------------+------------+--+-\nembeddings.position_ids | UNEXPECTED |  | \n\n\x1b[3mNotes:\n- UNEXPECTED\x1b[3m\t:can be ignored when loading from different task/architecture; not ok if you expect identical arch.\x1b[0m
__________________________ test_analyze_direct_call ___________________________

    def test_analyze_direct_call():
        from reliability_layer.response_builder import ReliabilityResponse
        rl2 = ReliabilityLayer(runs=3)
>       result = rl2.analyze('test query', stable_agent)
                 ^^^^^^^^^^^^^^^^^^^^^^^^^^^^^^^^^^^^^^^

tests\test_sdk.py:49: 
_ _ _ _ _ _ _ _ _ _ _ _ _ _ _ _ _ _ _ _ _ _ _ _ _ _ _ _ _ _ _ _ _ _ _ _ _ _ _ _
reliability_layer\sdk.py:45: in analyze
    return self.wrap(agent_fn).query(query)
           ^^^^^^^^^^^^^^^^^^^^^^^^^^^^^^^^
reliability_layer\sdk.py:13: in query
    return asyncio.run(self._run(question))
           ^^^^^^^^^^^^^^^^^^^^^^^^^^^^^^^^
D:\Anaconda\Lib\asyncio\runners.py:194: in run
    return runner.run(main)
           ^^^^^^^^^^^^^^^^
D:\Anaconda\Lib\asyncio\runners.py:118: in run
    return self._loop.run_until_complete(task)
           ^^^^^^^^^^^^^^^^^^^^^^^^^^^^^^^^^^^
D:\Anaconda\Lib\asyncio\base_events.py:687: in run_until_complete
    return future.result()
           ^^^^^^^^^^^^^^^
reliability_layer\sdk.py:23: in _run
    scores = scorer.compute(runs)
             ^^^^^^^^^^^^^^^^^^^^
reliability_layer\scoring_engine.py:57: in compute
    av = self.answer_variance([r.get('answer','') for r in runs])
                               ^^^^^
_ _ _ _ _ _ _ _ _ _ _ _ _ _ _ _ _ _ _ _ _ _ _ _ _ _ _ _ _ _ _ _ _ _ _ _ _ _ _ _

self = RunResult(run_id=1, raw_output='Drug X causes liver damage', duration_ms=1, error=None)
item = 'get'

    def __getattr__(self, item: str) -> Any:
        private_attributes = object.__getattribute__(self, '__private_attributes__')
        if item in private_attributes:
            attribute = private_attributes[item]
            if hasattr(attribute, '__get__'):
                return attribute.__get__(self, type(self))  # type: ignore
    
            try:
                # Note: self.__pydantic_private__ cannot be None if self.__private_attributes__ has items
                return self.__pydantic_private__[item]  # type: ignore
            except KeyError as exc:
                raise AttributeError(f'{type(self).__name__!r} object has no attribute {item!r}') from exc
        else:
            # `__pydantic_extra__` can fail to be set if the model is not yet fully initialized.
            # See `BaseModel.__repr_args__` for more details
            try:
                pydantic_extra = object.__getattribute__(self, '__pydantic_extra__')
            except AttributeError:
                pydantic_extra = None
    
            if pydantic_extra and item in pydantic_extra:
                return pydantic_extra[item]
            else:
                if hasattr(self.__class__, item):
                    return super().__getattribute__(item)  # Raises AttributeError if appropriate
                else:
                    # this is the current error
>                   raise AttributeError(f'{type(self).__name__!r} object has no attribute {item!r}')
E                   AttributeError: 'RunResult' object has no attribute 'get'

.venv\Lib\site-packages\pydantic\main.py:1026: AttributeError
---------------------------- Captured stderr call -----------------------------
\rLoading weights:   0%|          | 0/103 [00:00<?, ?it/s]\rLoading weights:   1%|          | 1/103 [00:00<?, ?it/s, Materializing param=embeddings.LayerNorm.bias]\rLoading weights:   1%|          | 1/103 [00:00<?, ?it/s, Materializing param=embeddings.LayerNorm.bias]\rLoading weights:   2%|\u258f         | 2/103 [00:00<?, ?it/s, Materializing param=embeddings.LayerNorm.weight]\rLoading weights:   2%|\u258f         | 2/103 [00:00<?, ?it/s, Materializing param=embeddings.LayerNorm.weight]\rLoading weights:   3%|\u258e         | 3/103 [00:00<?, ?it/s, Materializing param=embeddings.position_embeddings.weight]\rLoading weights:   3%|\u258e         | 3/103 [00:00<?, ?it/s, Materializing param=embeddings.position_embeddings.weight]\rLoading weights:   4%|\u258d         | 4/103 [00:00<?, ?it/s, Materializing param=embeddings.token_type_embeddings.weight]\rLoading weights:   4%|\u258d         | 4/103 [00:00<?, ?it/s, Materializing param=embeddings.token_type_embeddings.weight]\rLoading weights:   5%|\u258d         | 5/103 [00:00<?, ?it/s, Materializing param=embeddings.word_embeddings.weight]      \rLoading weights:   5%|\u258d         | 5/103 [00:00<?, ?it/s, Materializing param=embeddings.word_embeddings.weight]\rLoading weights:   6%|\u258c         | 6/103 [00:00<?, ?it/s, Materializing param=encoder.layer.0.attention.output.LayerNorm.bias]\rLoading weights:   6%|\u258c         | 6/103 [00:00<?, ?it/s, Materializing param=encoder.layer.0.attention.output.LayerNorm.bias]\rLoading weights:   7%|\u258b         | 7/103 [00:00<?, ?it/s, Materializing param=encoder.layer.0.attention.output.LayerNorm.weight]\rLoading weights:   7%|\u258b         | 7/103 [00:00<?, ?it/s, Materializing param=encoder.layer.0.attention.output.LayerNorm.weight]\rLoading weights:   8%|\u258a         | 8/103 [00:00<?, ?it/s, Materializing param=encoder.layer.0.attention.output.dense.bias]      \rLoading weights:   8%|\u258a         | 8/103 [00:00<?, ?it/s, Materializing param=encoder.layer.0.attention.output.dense.bias]\rLoading weights:   9%|\u258a         | 9/103 [00:00<?, ?it/s, Materializing param=encoder.layer.0.attention.output.dense.weight]\rLoading weights:   9%|\u258a         | 9/103 [00:00<?, ?it/s, Materializing param=encoder.layer.0.attention.output.dense.weight]\rLoading weights:  10%|\u2589         | 10/103 [00:00<?, ?it/s, Materializing param=encoder.layer.0.attention.self.key.bias]     \rLoading weights:  10%|\u2589         | 10/103 [00:00<?, ?it/s, Materializing param=encoder.layer.0.attention.self.key.bias]\rLoading weights:  11%|\u2588         | 11/103 [00:00<?, ?it/s, Materializing param=encoder.layer.0.attention.self.key.weight]\rLoading weights:  11%|\u2588         | 11/103 [00:00<?, ?it/s, Materializing param=encoder.layer.0.attention.self.key.weight]\rLoading weights:  12%|\u2588\u258f        | 12/103 [00:00<00:00, 2517.97it/s, Materializing param=encoder.layer.0.attention.self.query.bias]\rLoading weights:  12%|\u2588\u258f        | 12/103 [00:00<00:00, 2517.97it/s, Materializing param=encoder.layer.0.attention.self.query.bias]\rLoading weights:  13%|\u2588\u258e        | 13/103 [00:00<00:00, 2727.80it/s, Materializing param=encoder.layer.0.attention.self.query.weight]\rLoading weights:  13%|\u2588\u258e        | 13/103 [00:00<00:00, 2727.80it/s, Materializing param=encoder.layer.0.attention.self.query.weight]\rLoading weights:  14%|\u2588\u258e        | 14/103 [00:00<00:00, 2937.63it/s, Materializing param=encoder.layer.0.attention.self.value.bias]  \rLoading weights:  14%|\u2588\u258e        | 14/103 [00:00<00:00, 2937.63it/s, Materializing param=encoder.layer.0.attention.self.value.bias]\rLoading weights:  15%|\u2588\u258d        | 15/103 [00:00<00:00, 3147.46it/s, Materializing param=encoder.layer.0.attention.self.value.weight]\rLoading weights:  15%|\u2588\u258d        | 15/103 [00:00<00:00, 3147.46it/s, Materializing param=encoder.layer.0.attention.self.value.weight]\rLoading weights:  16%|\u2588\u258c        | 16/103 [00:00<00:00, 3357.29it/s, Materializing param=encoder.layer.0.intermediate.dense.bias]    \rLoading weights:  16%|\u2588\u258c        | 16/103 [00:00<00:00, 3357.29it/s, Materializing param=encoder.layer.0.intermediate.dense.bias]\rLoading weights:  17%|\u2588\u258b        | 17/103 [00:00<00:00, 3567.12it/s, Materializing param=encoder.layer.0.intermediate.dense.weight]\rLoading weights:  17%|\u2588\u258b        | 17/103 [00:00<00:00, 3567.12it/s, Materializing param=encoder.layer.0.intermediate.dense.weight]\rLoading weights:  17%|\u2588\u258b        | 18/103 [00:00<00:00, 3073.38it/s, Materializing param=encoder.layer.0.output.LayerNorm.bias]    \rLoading weights:  17%|\u2588\u258b        | 18/103 [00:00<00:00, 3073.38it/s, Materializing param=encoder.layer.0.output.LayerNorm.bias]\rLoading weights:  18%|\u2588\u258a        | 19/103 [00:00<00:00, 3244.12it/s, Materializing param=encoder.layer.0.output.LayerNorm.weight]\rLoading weights:  18%|\u2588\u258a        | 19/103 [00:00<00:00, 3244.12it/s, Materializing param=encoder.layer.0.output.LayerNorm.weight]\rLoading weights:  19%|\u2588\u2589        | 20/103 [00:00<00:00, 3414.86it/s, Materializing param=encoder.layer.0.output.dense.bias]      \rLoading weights:  19%|\u2588\u2589        | 20/103 [00:00<00:00, 3414.86it/s, Materializing param=encoder.layer.0.output.dense.bias]\rLoading weights:  20%|\u2588\u2588        | 21/103 [00:00<00:00, 3585.60it/s, Materializing param=encoder.layer.0.output.dense.weight]\rLoading weights:  20%|\u2588\u2588        | 21/103 [00:00<00:00, 3585.60it/s, Materializing param=encoder.layer.0.output.dense.weight]\rLoading weights:  21%|\u2588\u2588\u258f       | 22/103 [00:00<00:00, 3756.35it/s, Materializing param=encoder.layer.1.attention.output.LayerNorm.bias]\rLoading weights:  21%|\u2588\u2588\u258f       | 22/103 [00:00<00:00, 3756.35it/s, Materializing param=encoder.layer.1.attention.output.LayerNorm.bias]\rLoading weights:  22%|\u2588\u2588\u258f       | 23/103 [00:00<00:00, 3927.09it/s, Materializing param=encoder.layer.1.attention.output.LayerNorm.weight]\rLoading weights:  22%|\u2588\u2588\u258f       | 23/103 [00:00<00:00, 3927.09it/s, Materializing param=encoder.layer.1.attention.output.LayerNorm.weight]\rLoading weights:  23%|\u2588\u2588\u258e       | 24/103 [00:00<00:00, 4097.83it/s, Materializing param=encoder.layer.1.attention.output.dense.bias]      \rLoading weights:  23%|\u2588\u2588\u258e       | 24/103 [00:00<00:00, 4097.83it/s, Materializing param=encoder.layer.1.attention.output.dense.bias]\rLoading weights:  24%|\u2588\u2588\u258d       | 25/103 [00:00<00:00, 4268.58it/s, Materializing param=encoder.layer.1.attention.output.dense.weight]\rLoading weights:  24%|\u2588\u2588\u258d       | 25/103 [00:00<00:00, 4268.58it/s, Materializing param=encoder.layer.1.attention.output.dense.weight]\rLoading weights:  25%|\u2588\u2588\u258c       | 26/103 [00:00<00:00, 4439.32it/s, Materializing param=encoder.layer.1.attention.self.key.bias]      \rLoading weights:  25%|\u2588\u2588\u258c       | 26/103 [00:00<00:00, 4439.32it/s, Materializing param=encoder.layer.1.attention.self.key.bias]\rLoading weights:  26%|\u2588\u2588\u258c       | 27/103 [00:00<00:00, 4610.06it/s, Materializing param=encoder.layer.1.attention.self.key.weight]\rLoading weights:  26%|\u2588\u2588\u258c       | 27/103 [00:00<00:00, 4610.06it/s, Materializing param=encoder.layer.1.attention.self.key.weight]\rLoading weights:  27%|\u2588\u2588\u258b       | 28/103 [00:00<00:00, 4780.81it/s, Materializing param=encoder.layer.1.attention.self.query.bias]\rLoading weights:  27%|\u2588\u2588\u258b       | 28/103 [00:00<00:00, 4780.81it/s, Materializing param=encoder.layer.1.attention.self.query.bias]\rLoading weights:  28%|\u2588\u2588\u258a       | 29/103 [00:00<00:00, 4951.55it/s, Materializing param=encoder.layer.1.attention.self.query.weight]\rLoading weights:  28%|\u2588\u2588\u258a       | 29/103 [00:00<00:00, 4951.55it/s, Materializing param=encoder.layer.1.attention.self.query.weight]\rLoading weights:  29%|\u2588\u2588\u2589       | 30/103 [00:00<00:00, 5122.29it/s, Materializing param=encoder.layer.1.attention.self.value.bias]  \rLoading weights:  29%|\u2588\u2588\u2589       | 30/103 [00:00<00:00, 5122.29it/s, Materializing param=encoder.layer.1.attention.self.value.bias]\rLoading weights:  30%|\u2588\u2588\u2588       | 31/103 [00:00<00:00, 5293.04it/s, Materializing param=encoder.layer.1.attention.self.value.weight]\rLoading weights:  30%|\u2588\u2588\u2588       | 31/103 [00:00<00:00, 5293.04it/s, Materializing param=encoder.layer.1.attention.self.value.weight]\rLoading weights:  31%|\u2588\u2588\u2588       | 32/103 [00:00<00:00, 5463.78it/s, Materializing param=encoder.layer.1.intermediate.dense.bias]    \rLoading weights:  31%|\u2588\u2588\u2588       | 32/103 [00:00<00:00, 5463.78it/s, Materializing param=encoder.layer.1.intermediate.dense.bias]\rLoading weights:  32%|\u2588\u2588\u2588\u258f      | 33/103 [00:00<00:00, 5634.52it/s, Materializing param=encoder.layer.1.intermediate.dense.weight]\rLoading weights:  32%|\u2588\u2588\u2588\u258f      | 33/103 [00:00<00:00, 5634.52it/s, Materializing param=encoder.layer.1.intermediate.dense.weight]\rLoading weights:  33%|\u2588\u2588\u2588\u258e      | 34/103 [00:00<00:00, 5805.27it/s, Materializing param=encoder.layer.1.output.LayerNorm.bias]    \rLoading weights:  33%|\u2588\u2588\u2588\u258e      | 34/103 [00:00<00:00, 5805.27it/s, Materializing param=encoder.layer.1.output.LayerNorm.bias]\rLoading weights:  34%|\u2588\u2588\u2588\u258d      | 35/103 [00:00<00:00, 5976.01it/s, Materializing param=encoder.layer.1.output.LayerNorm.weight]\rLoading weights:  34%|\u2588\u2588\u2588\u258d      | 35/103 [00:00<00:00, 5976.01it/s, Materializing param=encoder.layer.1.output.LayerNorm.weight]\rLoading weights:  35%|\u2588\u2588\u2588\u258d      | 36/103 [00:00<00:00, 6146.75it/s, Materializing param=encoder.layer.1.output.dense.bias]      \rLoading weights:  35%|\u2588\u2588\u2588\u258d      | 36/103 [00:00<00:00, 6146.75it/s, Materializing param=encoder.layer.1.output.dense.bias]\rLoading weights:  36%|\u2588\u2588\u2588\u258c      | 37/103 [00:00<00:00, 3518.79it/s, Materializing param=encoder.layer.1.output.dense.weight]\rLoading weights:  36%|\u2588\u2588\u2588\u258c      | 37/103 [00:00<00:00, 3518.79it/s, Materializing param=encoder.layer.1.output.dense.weight]\rLoading weights:  37%|\u2588\u2588\u2588\u258b      | 38/103 [00:00<00:00, 3613.89it/s, Materializing param=encoder.layer.2.attention.output.LayerNorm.bias]\rLoading weights:  37%|\u2588\u2588\u2588\u258b      | 38/103 [00:00<00:00, 3613.89it/s, Materializing param=encoder.layer.2.attention.output.LayerNorm.bias]\rLoading weights:  38%|\u2588\u2588\u2588\u258a      | 39/103 [00:00<00:00, 3709.00it/s, Materializing param=encoder.layer.2.attention.output.LayerNorm.weight]\rLoading weights:  38%|\u2588\u2588\u2588\u258a      | 39/103 [00:00<00:00, 3709.00it/s, Materializing param=encoder.layer.2.attention.output.LayerNorm.weight]\rLoading weights:  39%|\u2588\u2588\u2588\u2589      | 40/103 [00:00<00:00, 3804.10it/s, Materializing param=encoder.layer.2.attention.output.dense.bias]      \rLoading weights:  39%|\u2588\u2588\u2588\u2589      | 40/103 [00:00<00:00, 3804.10it/s, Materializing param=encoder.layer.2.attention.output.dense.bias]\rLoading weights:  40%|\u2588\u2588\u2588\u2589      | 41/103 [00:00<00:00, 3899.20it/s, Materializing param=encoder.layer.2.attention.output.dense.weight]\rLoading weights:  40%|\u2588\u2588\u2588\u2589      | 41/103 [00:00<00:00, 3899.20it/s, Materializing param=encoder.layer.2.attention.output.dense.weight]\rLoading weights:  41%|\u2588\u2588\u2588\u2588      | 42/103 [00:00<00:00, 3994.30it/s, Materializing param=encoder.layer.2.attention.self.key.bias]      \rLoading weights:  41%|\u2588\u2588\u2588\u2588      | 42/103 [00:00<00:00, 3994.30it/s, Materializing param=encoder.layer.2.attention.self.key.bias]\rLoading weights:  42%|\u2588\u2588\u2588\u2588\u258f     | 43/103 [00:00<00:00, 4089.41it/s, Materializing param=encoder.layer.2.attention.self.key.weight]\rLoading weights:  42%|\u2588\u2588\u2588\u2588\u258f     | 43/103 [00:00<00:00, 4089.41it/s, Materializing param=encoder.layer.2.attention.self.key.weight]\rLoading weights:  43%|\u2588\u2588\u2588\u2588\u258e     | 44/103 [00:00<00:00, 4184.51it/s, Materializing param=encoder.layer.2.attention.self.query.bias]\rLoading weights:  43%|\u2588\u2588\u2588\u2588\u258e     | 44/103 [00:00<00:00, 4184.51it/s, Materializing param=encoder.layer.2.attention.self.query.bias]\rLoading weights:  44%|\u2588\u2588\u2588\u2588\u258e     | 45/103 [00:00<00:00, 4279.61it/s, Materializing param=encoder.layer.2.attention.self.query.weight]\rLoading weights:  44%|\u2588\u2588\u2588\u2588\u258e     | 45/103 [00:00<00:00, 4279.61it/s, Materializing param=encoder.layer.2.attention.self.query.weight]\rLoading weights:  45%|\u2588\u2588\u2588\u2588\u258d     | 46/103 [00:00<00:00, 4374.71it/s, Materializing param=encoder.layer.2.attention.self.value.bias]  \rLoading weights:  45%|\u2588\u2588\u2588\u2588\u258d     | 46/103 [00:00<00:00, 4374.71it/s, Materializing param=encoder.layer.2.attention.self.value.bias]\rLoading weights:  46%|\u2588\u2588\u2588\u2588\u258c     | 47/103 [00:00<00:00, 4469.82it/s, Materializing param=encoder.layer.2.attention.self.value.weight]\rLoading weights:  46%|\u2588\u2588\u2588\u2588\u258c     | 47/103 [00:00<00:00, 4469.82it/s, Materializing param=encoder.layer.2.attention.self.value.weight]\rLoading weights:  47%|\u2588\u2588\u2588\u2588\u258b     | 48/103 [00:00<00:00, 4564.92it/s, Materializing param=encoder.layer.2.intermediate.dense.bias]    \rLoading weights:  47%|\u2588\u2588\u2588\u2588\u258b     | 48/103 [00:00<00:00, 4564.92it/s, Materializing param=encoder.layer.2.intermediate.dense.bias]\rLoading weights:  48%|\u2588\u2588\u2588\u2588\u258a     | 49/103 [00:00<00:00, 4660.02it/s, Materializing param=encoder.layer.2.intermediate.dense.weight]\rLoading weights:  48%|\u2588\u2588\u2588\u2588\u258a     | 49/103 [00:00<00:00, 4660.02it/s, Materializing param=encoder.layer.2.intermediate.dense.weight]\rLoading weights:  49%|\u2588\u2588\u2588\u2588\u258a     | 50/103 [00:00<00:00, 4755.12it/s, Materializing param=encoder.layer.2.output.LayerNorm.bias]    \rLoading weights:  49%|\u2588\u2588\u2588\u2588\u258a     | 50/103 [00:00<00:00, 4755.12it/s, Materializing param=encoder.layer.2.output.LayerNorm.bias]\rLoading weights:  50%|\u2588\u2588\u2588\u2588\u2589     | 51/103 [00:00<00:00, 4850.23it/s, Materializing param=encoder.layer.2.output.LayerNorm.weight]\rLoading weights:  50%|\u2588\u2588\u2588\u2588\u2589     | 51/103 [00:00<00:00, 4850.23it/s, Materializing param=encoder.layer.2.output.LayerNorm.weight]\rLoading weights:  50%|\u2588\u2588\u2588\u2588\u2588     | 52/103 [00:00<00:00, 4945.33it/s, Materializing param=encoder.layer.2.output.dense.bias]      \rLoading weights:  50%|\u2588\u2588\u2588\u2588\u2588     | 52/103 [00:00<00:00, 4945.33it/s, Materializing param=encoder.layer.2.output.dense.bias]\rLoading weights:  51%|\u2588\u2588\u2588\u2588\u2588\u258f    | 53/103 [00:00<00:00, 5040.43it/s, Materializing param=encoder.layer.2.output.dense.weight]\rLoading weights:  51%|\u2588\u2588\u2588\u2588\u2588\u258f    | 53/103 [00:00<00:00, 5040.43it/s, Materializing param=encoder.layer.2.output.dense.weight]\rLoading weights:  52%|\u2588\u2588\u2588\u2588\u2588\u258f    | 54/103 [00:00<00:00, 5135.53it/s, Materializing param=encoder.layer.3.attention.output.LayerNorm.bias]\rLoading weights:  52%|\u2588\u2588\u2588\u2588\u2588\u258f    | 54/103 [00:00<00:00, 5135.53it/s, Materializing param=encoder.layer.3.attention.output.LayerNorm.bias]\rLoading weights:  53%|\u2588\u2588\u2588\u2588\u2588\u258e    | 55/103 [00:00<00:00, 3636.53it/s, Materializing param=encoder.layer.3.attention.output.LayerNorm.weight]\rLoading weights:  53%|\u2588\u2588\u2588\u2588\u2588\u258e    | 55/103 [00:00<00:00, 3636.53it/s, Materializing param=encoder.layer.3.attention.output.LayerNorm.weight]\rLoading weights:  54%|\u2588\u2588\u2588\u2588\u2588\u258d    | 56/103 [00:00<00:00, 3531.41it/s, Materializing param=encoder.layer.3.attention.output.dense.bias]      \rLoading weights:  54%|\u2588\u2588\u2588\u2588\u2588\u258d    | 56/103 [00:00<00:00, 3531.41it/s, Materializing param=encoder.layer.3.attention.output.dense.bias]\rLoading weights:  55%|\u2588\u2588\u2588\u2588\u2588\u258c    | 57/103 [00:00<00:00, 3594.47it/s, Materializing param=encoder.layer.3.attention.output.dense.weight]\rLoading weights:  55%|\u2588\u2588\u2588\u2588\u2588\u258c    | 57/103 [00:00<00:00, 3227.26it/s, Materializing param=encoder.layer.3.attention.output.dense.weight]\rLoading weights:  56%|\u2588\u2588\u2588\u2588\u2588\u258b    | 58/103 [00:00<00:00, 3283.88it/s, Materializing param=encoder.layer.3.attention.self.key.bias]      \rLoading weights:  56%|\u2588\u2588\u2588\u2588\u2588\u258b    | 58/103 [00:00<00:00, 3283.88it/s, Materializing param=encoder.layer.3.attention.self.key.bias]\rLoading weights:  57%|\u2588\u2588\u2588\u2588\u2588\u258b    | 59/103 [00:00<00:00, 3340.50it/s, Materializing param=encoder.layer.3.attention.self.key.weight]\rLoading weights:  57%|\u2588\u2588\u2588\u2588\u2588\u258b    | 59/103 [00:00<00:00, 3340.50it/s, Materializing param=encoder.layer.3.attention.self.key.weight]\rLoading weights:  58%|\u2588\u2588\u2588\u2588\u2588\u258a    | 60/103 [00:00<00:00, 3397.11it/s, Materializing param=encoder.layer.3.attention.self.query.bias]\rLoading weights:  58%|\u2588\u2588\u2588\u2588\u2588\u258a    | 60/103 [00:00<00:00, 3213.70it/s, Materializing param=encoder.layer.3.attention.self.query.bias]\rLoading weights:  59%|\u2588\u2588\u2588\u2588\u2588\u2589    | 61/103 [00:00<00:00, 3171.01it/s, Materializing param=encoder.layer.3.attention.self.query.weight]\rLoading weights:  59%|\u2588\u2588\u2588\u2588\u2588\u2589    | 61/103 [00:00<00:00, 3171.01it/s, Materializing param=encoder.layer.3.attention.self.query.weight]\rLoading weights:  60%|\u2588\u2588\u2588\u2588\u2588\u2588    | 62/103 [00:00<00:00, 3222.99it/s, Materializing param=encoder.layer.3.attention.self.value.bias]  \rLoading weights:  60%|\u2588\u2588\u2588\u2588\u2588\u2588    | 62/103 [00:00<00:00, 3222.99it/s, Materializing param=encoder.layer.3.attention.self.value.bias]\rLoading weights:  61%|\u2588\u2588\u2588\u2588\u2588\u2588    | 63/103 [00:00<00:00, 3274.97it/s, Materializing param=encoder.layer.3.attention.self.value.weight]\rLoading weights:  61%|\u2588\u2588\u2588\u2588\u2588\u2588    | 63/103 [00:00<00:00, 3185.47it/s, Materializing param=encoder.layer.3.attention.self.value.weight]\rLoading weights:  62%|\u2588\u2588\u2588\u2588\u2588\u2588\u258f   | 64/103 [00:00<00:00, 3236.03it/s, Materializing param=encoder.layer.3.intermediate.dense.bias]    \rLoading weights:  62%|\u2588\u2588\u2588\u2588\u2588\u2588\u258f   | 64/103 [00:00<00:00, 3236.03it/s, Materializing param=encoder.layer.3.intermediate.dense.bias]\rLoading weights:  63%|\u2588\u2588\u2588\u2588\u2588\u2588\u258e   | 65/103 [00:00<00:00, 3286.60it/s, Materializing param=encoder.layer.3.intermediate.dense.weight]\rLoading weights:  63%|\u2588\u2588\u2588\u2588\u2588\u2588\u258e   | 65/103 [00:00<00:00, 3286.60it/s, Materializing param=encoder.layer.3.intermediate.dense.weight]\rLoading weights:  64%|\u2588\u2588\u2588\u2588\u2588\u2588\u258d   | 66/103 [00:00<00:00, 3337.16it/s, Materializing param=encoder.layer.3.output.LayerNorm.bias]    \rLoading weights:  64%|\u2588\u2588\u2588\u2588\u2588\u2588\u258d   | 66/103 [00:00<00:00, 3337.16it/s, Materializing param=encoder.layer.3.output.LayerNorm.bias]\rLoading weights:  65%|\u2588\u2588\u2588\u2588\u2588\u2588\u258c   | 67/103 [00:00<00:00, 3387.72it/s, Materializing param=encoder.layer.3.output.LayerNorm.weight]\rLoading weights:  65%|\u2588\u2588\u2588\u2588\u2588\u2588\u258c   | 67/103 [00:00<00:00, 3387.72it/s, Materializing param=encoder.layer.3.output.LayerNorm.weight]\rLoading weights:  66%|\u2588\u2588\u2588\u2588\u2588\u2588\u258c   | 68/103 [00:00<00:00, 3438.29it/s, Materializing param=encoder.layer.3.output.dense.bias]      \rLoading weights:  66%|\u2588\u2588\u2588\u2588\u2588\u2588\u258c   | 68/103 [00:00<00:00, 3438.29it/s, Materializing param=encoder.layer.3.output.dense.bias]\rLoading weights:  67%|\u2588\u2588\u2588\u2588\u2588\u2588\u258b   | 69/103 [00:00<00:00, 3488.85it/s, Materializing param=encoder.layer.3.output.dense.weight]\rLoading weights:  67%|\u2588\u2588\u2588\u2588\u2588\u2588\u258b   | 69/103 [00:00<00:00, 3488.85it/s, Materializing param=encoder.layer.3.output.dense.weight]\rLoading weights:  68%|\u2588\u2588\u2588\u2588\u2588\u2588\u258a   | 70/103 [00:00<00:00, 3539.41it/s, Materializing param=encoder.layer.4.attention.output.LayerNorm.bias]\rLoading weights:  68%|\u2588\u2588\u2588\u2588\u2588\u2588\u258a   | 70/103 [00:00<00:00, 3539.41it/s, Materializing param=encoder.layer.4.attention.output.LayerNorm.bias]\rLoading weights:  69%|\u2588\u2588\u2588\u2588\u2588\u2588\u2589   | 71/103 [00:00<00:00, 3589.97it/s, Materializing param=encoder.layer.4.attention.output.LayerNorm.weight]\rLoading weights:  69%|\u2588\u2588\u2588\u2588\u2588\u2588\u2589   | 71/103 [00:00<00:00, 3589.97it/s, Materializing param=encoder.layer.4.attention.output.LayerNorm.weight]\rLoading weights:  70%|\u2588\u2588\u2588\u2588\u2588\u2588\u2589   | 72/103 [00:00<00:00, 3640.54it/s, Materializing param=encoder.layer.4.attention.output.dense.bias]      \rLoading weights:  70%|\u2588\u2588\u2588\u2588\u2588\u2588\u2589   | 72/103 [00:00<00:00, 3640.54it/s, Materializing param=encoder.layer.4.attention.output.dense.bias]\rLoading weights:  71%|\u2588\u2588\u2588\u2588\u2588\u2588\u2588   | 73/103 [00:00<00:00, 3691.10it/s, Materializing param=encoder.layer.4.attention.output.dense.weight]\rLoading weights:  71%|\u2588\u2588\u2588\u2588\u2588\u2588\u2588   | 73/103 [00:00<00:00, 3691.10it/s, Materializing param=encoder.layer.4.attention.output.dense.weight]\rLoading weights:  72%|\u2588\u2588\u2588\u2588\u2588\u2588\u2588\u258f  | 74/103 [00:00<00:00, 3741.66it/s, Materializing param=encoder.layer.4.attention.self.key.bias]      \rLoading weights:  72%|\u2588\u2588\u2588\u2588\u2588\u2588\u2588\u258f  | 74/103 [00:00<00:00, 3741.66it/s, Materializing param=encoder.layer.4.attention.self.key.bias]\rLoading weights:  73%|\u2588\u2588\u2588\u2588\u2588\u2588\u2588\u258e  | 75/103 [00:00<00:00, 3792.23it/s, Materializing param=encoder.layer.4.attention.self.key.weight]\rLoading weights:  73%|\u2588\u2588\u2588\u2588\u2588\u2588\u2588\u258e  | 75/103 [00:00<00:00, 3792.23it/s, Materializing param=encoder.layer.4.attention.self.key.weight]\rLoading weights:  74%|\u2588\u2588\u2588\u2588\u2588\u2588\u2588\u258d  | 76/103 [00:00<00:00, 3322.95it/s, Materializing param=encoder.layer.4.attention.self.query.bias]\rLoading weights:  74%|\u2588\u2588\u2588\u2588\u2588\u2588\u2588\u258d  | 76/103 [00:00<00:00, 3322.95it/s, Materializing param=encoder.layer.4.attention.self.query.bias]\rLoading weights:  75%|\u2588\u2588\u2588\u2588\u2588\u2588\u2588\u258d  | 77/103 [00:00<00:00, 3366.67it/s, Materializing param=encoder.layer.4.attention.self.query.weight]\rLoading weights:  75%|\u2588\u2588\u2588\u2588\u2588\u2588\u2588\u258d  | 77/103 [00:00<00:00, 3366.67it/s, Materializing param=encoder.layer.4.attention.self.query.weight]\rLoading weights:  76%|\u2588\u2588\u2588\u2588\u2588\u2588\u2588\u258c  | 78/103 [00:00<00:00, 3410.39it/s, Materializing param=encoder.layer.4.attention.self.value.bias]  \rLoading weights:  76%|\u2588\u2588\u2588\u2588\u2588\u2588\u2588\u258c  | 78/103 [00:00<00:00, 3410.39it/s, Materializing param=encoder.layer.4.attention.self.value.bias]\rLoading weights:  77%|\u2588\u2588\u2588\u2588\u2588\u2588\u2588\u258b  | 79/103 [00:00<00:00, 3454.12it/s, Materializing param=encoder.layer.4.attention.self.value.weight]\rLoading weights:  77%|\u2588\u2588\u2588\u2588\u2588\u2588\u2588\u258b  | 79/103 [00:00<00:00, 3454.12it/s, Materializing param=encoder.layer.4.attention.self.value.weight]\rLoading weights:  78%|\u2588\u2588\u2588\u2588\u2588\u2588\u2588\u258a  | 80/103 [00:00<00:00, 3497.84it/s, Materializing param=encoder.layer.4.intermediate.dense.bias]    \rLoading weights:  78%|\u2588\u2588\u2588\u2588\u2588\u2588\u2588\u258a  | 80/103 [00:00<00:00, 3497.84it/s, Materializing param=encoder.layer.4.intermediate.dense.bias]\rLoading weights:  79%|\u2588\u2588\u2588\u2588\u2588\u2588\u2588\u258a  | 81/103 [00:00<00:00, 3541.56it/s, Materializing param=encoder.layer.4.intermediate.dense.weight]\rLoading weights:  79%|\u2588\u2588\u2588\u2588\u2588\u2588\u2588\u258a  | 81/103 [00:00<00:00, 3541.56it/s, Materializing param=encoder.layer.4.intermediate.dense.weight]\rLoading weights:  80%|\u2588\u2588\u2588\u2588\u2588\u2588\u2588\u2589  | 82/103 [00:00<00:00, 3585.29it/s, Materializing param=encoder.layer.4.output.LayerNorm.bias]    \rLoading weights:  80%|\u2588\u2588\u2588\u2588\u2588\u2588\u2588\u2589  | 82/103 [00:00<00:00, 3585.29it/s, Materializing param=encoder.layer.4.output.LayerNorm.bias]\rLoading weights:  81%|\u2588\u2588\u2588\u2588\u2588\u2588\u2588\u2588  | 83/103 [00:00<00:00, 3629.01it/s, Materializing param=encoder.layer.4.output.LayerNorm.weight]\rLoading weights:  81%|\u2588\u2588\u2588\u2588\u2588\u2588\u2588\u2588  | 83/103 [00:00<00:00, 3629.01it/s, Materializing param=encoder.layer.4.output.LayerNorm.weight]\rLoading weights:  82%|\u2588\u2588\u2588\u2588\u2588\u2588\u2588\u2588\u258f | 84/103 [00:00<00:00, 3672.73it/s, Materializing param=encoder.layer.4.output.dense.bias]      \rLoading weights:  82%|\u2588\u2588\u2588\u2588\u2588\u2588\u2588\u2588\u258f | 84/103 [00:00<00:00, 3672.73it/s, Materializing param=encoder.layer.4.output.dense.bias]\rLoading weights:  83%|\u2588\u2588\u2588\u2588\u2588\u2588\u2588\u2588\u258e | 85/103 [00:00<00:00, 3716.46it/s, Materializing param=encoder.layer.4.output.dense.weight]\rLoading weights:  83%|\u2588\u2588\u2588\u2588\u2588\u2588\u2588\u2588\u258e | 85/103 [00:00<00:00, 3716.46it/s, Materializing param=encoder.layer.4.output.dense.weight]\rLoading weights:  83%|\u2588\u2588\u2588\u2588\u2588\u2588\u2588\u2588\u258e | 86/103 [00:00<00:00, 3760.18it/s, Materializing param=encoder.layer.5.attention.output.LayerNorm.bias]\rLoading weights:  83%|\u2588\u2588\u2588\u2588\u2588\u2588\u2588\u2588\u258e | 86/103 [00:00<00:00, 3760.18it/s, Materializing param=encoder.layer.5.attention.output.LayerNorm.bias]\rLoading weights:  84%|\u2588\u2588\u2588\u2588\u2588\u2588\u2588\u2588\u258d | 87/103 [00:00<00:00, 3803.90it/s, Materializing param=encoder.layer.5.attention.output.LayerNorm.weight]\rLoading weights:  84%|\u2588\u2588\u2588\u2588\u2588\u2588\u2588\u2588\u258d | 87/103 [00:00<00:00, 3803.90it/s, Materializing param=encoder.layer.5.attention.output.LayerNorm.weight]\rLoading weights:  85%|\u2588\u2588\u2588\u2588\u2588\u2588\u2588\u2588\u258c | 88/103 [00:00<00:00, 3847.62it/s, Materializing param=encoder.layer.5.attention.output.dense.bias]      \rLoading weights:  85%|\u2588\u2588\u2588\u2588\u2588\u2588\u2588\u2588\u258c | 88/103 [00:00<00:00, 3847.62it/s, Materializing param=encoder.layer.5.attention.output.dense.bias]\rLoading weights:  86%|\u2588\u2588\u2588\u2588\u2588\u2588\u2588\u2588\u258b | 89/103 [00:00<00:00, 3891.35it/s, Materializing param=encoder.layer.5.attention.output.dense.weight]\rLoading weights:  86%|\u2588\u2588\u2588\u2588\u2588\u2588\u2588\u2588\u258b | 89/103 [00:00<00:00, 3891.35it/s, Materializing param=encoder.layer.5.attention.output.dense.weight]\rLoading weights:  87%|\u2588\u2588\u2588\u2588\u2588\u2588\u2588\u2588\u258b | 90/103 [00:00<00:00, 3935.07it/s, Materializing param=encoder.layer.5.attention.self.key.bias]      \rLoading weights:  87%|\u2588\u2588\u2588\u2588\u2588\u2588\u2588\u2588\u258b | 90/103 [00:00<00:00, 3935.07it/s, Materializing param=encoder.layer.5.attention.self.key.bias]\rLoading weights:  88%|\u2588\u2588\u2588\u2588\u2588\u2588\u2588\u2588\u258a | 91/103 [00:00<00:00, 3978.79it/s, Materializing param=encoder.layer.5.attention.self.key.weight]\rLoading weights:  88%|\u2588\u2588\u2588\u2588\u2588\u2588\u2588\u2588\u258a | 91/103 [00:00<00:00, 3978.79it/s, Materializing param=encoder.layer.5.attention.self.key.weight]\rLoading weights:  89%|\u2588\u2588\u2588\u2588\u2588\u2588\u2588\u2588\u2589 | 92/103 [00:00<00:00, 3503.79it/s, Materializing param=encoder.layer.5.attention.self.query.bias]\rLoading weights:  89%|\u2588\u2588\u2588\u2588\u2588\u2588\u2588\u2588\u2589 | 92/103 [00:00<00:00, 3503.79it/s, Materializing param=encoder.layer.5.attention.self.query.bias]\rLoading weights:  90%|\u2588\u2588\u2588\u2588\u2588\u2588\u2588\u2588\u2588 | 93/103 [00:00<00:00, 3541.88it/s, Materializing param=encoder.layer.5.attention.self.query.weight]\rLoading weights:  90%|\u2588\u2588\u2588\u2588\u2588\u2588\u2588\u2588\u2588 | 93/103 [00:00<00:00, 3541.88it/s, Materializing param=encoder.layer.5.attention.self.query.weight]\rLoading weights:  91%|\u2588\u2588\u2588\u2588\u2588\u2588\u2588\u2588\u2588\u258f| 94/103 [00:00<00:00, 3579.96it/s, Materializing param=encoder.layer.5.attention.self.value.bias]  \rLoading weights:  91%|\u2588\u2588\u2588\u2588\u2588\u2588\u2588\u2588\u2588\u258f| 94/103 [00:00<00:00, 3579.96it/s, Materializing param=encoder.layer.5.attention.self.value.bias]\rLoading weights:  92%|\u2588\u2588\u2588\u2588\u2588\u2588\u2588\u2588\u2588\u258f| 95/103 [00:00<00:00, 3417.81it/s, Materializing param=encoder.layer.5.attention.self.value.weight]\rLoading weights:  92%|\u2588\u2588\u2588\u2588\u2588\u2588\u2588\u2588\u2588\u258f| 95/103 [00:00<00:00, 3417.81it/s, Materializing param=encoder.layer.5.attention.self.value.weight]\rLoading weights:  93%|\u2588\u2588\u2588\u2588\u2588\u2588\u2588\u2588\u2588\u258e| 96/103 [00:00<00:00, 3453.79it/s, Materializing param=encoder.layer.5.intermediate.dense.bias]    \rLoading weights:  93%|\u2588\u2588\u2588\u2588\u2588\u2588\u2588\u2588\u2588\u258e| 96/103 [00:00<00:00, 3453.79it/s, Materializing param=encoder.layer.5.intermediate.dense.bias]\rLoading weights:  94%|\u2588\u2588\u2588\u2588\u2588\u2588\u2588\u2588\u2588\u258d| 97/103 [00:00<00:00, 3489.77it/s, Materializing param=encoder.layer.5.intermediate.dense.weight]\rLoading weights:  94%|\u2588\u2588\u2588\u2588\u2588\u2588\u2588\u2588\u2588\u258d| 97/103 [00:00<00:00, 3489.77it/s, Materializing param=encoder.layer.5.intermediate.dense.weight]\rLoading weights:  95%|\u2588\u2588\u2588\u2588\u2588\u2588\u2588\u2588\u2588\u258c| 98/103 [00:00<00:00, 3525.74it/s, Materializing param=encoder.layer.5.output.LayerNorm.bias]    \rLoading weights:  95%|\u2588\u2588\u2588\u2588\u2588\u2588\u2588\u2588\u2588\u258c| 98/103 [00:00<00:00, 3525.74it/s, Materializing param=encoder.layer.5.output.LayerNorm.bias]\rLoading weights:  96%|\u2588\u2588\u2588\u2588\u2588\u2588\u2588\u2588\u2588\u258c| 99/103 [00:00<00:00, 3561.72it/s, Materializing param=encoder.layer.5.output.LayerNorm.weight]\rLoading weights:  96%|\u2588\u2588\u2588\u2588\u2588\u2588\u2588\u2588\u2588\u258c| 99/103 [00:00<00:00, 3561.72it/s, Materializing param=encoder.layer.5.output.LayerNorm.weight]\rLoading weights:  97%|\u2588\u2588\u2588\u2588\u2588\u2588\u2588\u2588\u2588\u258b| 100/103 [00:00<00:00, 3597.70it/s, Materializing param=encoder.layer.5.output.dense.bias]     \rLoading weights:  97%|\u2588\u2588\u2588\u2588\u2588\u2588\u2588\u2588\u2588\u258b| 100/103 [00:00<00:00, 3597.70it/s, Materializing param=encoder.layer.5.output.dense.bias]\rLoading weights:  98%|\u2588\u2588\u2588\u2588\u2588\u2588\u2588\u2588\u2588\u258a| 101/103 [00:00<00:00, 3633.67it/s, Materializing param=encoder.layer.5.output.dense.weight]\rLoading weights:  98%|\u2588\u2588\u2588\u2588\u2588\u2588\u2588\u2588\u2588\u258a| 101/103 [00:00<00:00, 3633.67it/s, Materializing param=encoder.layer.5.output.dense.weight]\rLoading weights:  99%|\u2588\u2588\u2588\u2588\u2588\u2588\u2588\u2588\u2588\u2589| 102/103 [00:00<00:00, 3669.65it/s, Materializing param=pooler.dense.bias]                  \rLoading weights:  99%|\u2588\u2588\u2588\u2588\u2588\u2588\u2588\u2588\u2588\u2589| 102/103 [00:00<00:00, 3669.65it/s, Materializing param=pooler.dense.bias]\rLoading weights: 100%|\u2588\u2588\u2588\u2588\u2588\u2588\u2588\u2588\u2588\u2588| 103/103 [00:00<00:00, 3705.63it/s, Materializing param=pooler.dense.weight]\rLoading weights: 100%|\u2588\u2588\u2588\u2588\u2588\u2588\u2588\u2588\u2588\u2588| 103/103 [00:00<00:00, 3705.63it/s, Materializing param=pooler.dense.weight]\rLoading weights: 100%|\u2588\u2588\u2588\u2588\u2588\u2588\u2588\u2588\u2588\u2588| 103/103 [00:00<00:00, 3705.63it/s, Materializing param=pooler.dense.weight]\n\x1b[1mBertModel LOAD REPORT\x1b[0m from: sentence-transformers/all-MiniLM-L6-v2\nKey                     | Status     |  | \n------------------------+------------+--+-\nembeddings.position_ids | UNEXPECTED |  | \n\n\x1b[3mNotes:\n- UNEXPECTED\x1b[3m\t:can be ignored when loading from different task/architecture; not ok if you expect identical arch.\x1b[0m
============================== warnings summary ===============================
tests/test_sdk.py::test_score_endpoint
tests/test_sdk.py::test_score_endpoint
tests/test_sdk.py::test_score_endpoint
  D:\1_AiPrompt\reliability-layer\reliability_layer\api.py:116: PydanticDeprecatedSince20: The `dict` method is deprecated; use `model_dump` instead. Deprecated in Pydantic V2.0 to be removed in V3.0. See Pydantic V2 Migration Guide at https://errors.pydantic.dev/2.12/migration/
    runs_dicts = [run.dict() for run in payload.runs]

-- Docs: https://docs.pytest.org/en/stable/how-to/capture-warnings.html
=========================== short test summary info ===========================
FAILED tests/test_sdk.py::test_query_returns_reliability_response - Attribute...
FAILED tests/test_sdk.py::test_stable_agent_high_reliability - AttributeError...
FAILED tests/test_sdk.py::test_low_reliability_emits_warning - AttributeError...
FAILED tests/test_sdk.py::test_analyze_direct_call - AttributeError: 'RunResu...
================== 4 failed, 6 passed, 3 warnings in 23.55s ===================
